Symbol: anim (./generated-code//boot-fd.bin) = 0008
Symbol: anim_flags (./generated-code//boot-fd.bin) = 000E
Symbol: anim_frame (./generated-code//boot-fd.bin) = 000C
Symbol: anim_frame_duration (./generated-code//boot-fd.bin) = 000D
Symbol: anim_link_mask (./generated-code//boot-fd.bin) = 0001
Symbol: BOO_WaitVBL (./generated-code//boot-fd.bin) = 62D3
Symbol: BOO_WaitVBL1 (./generated-code//boot-fd.bin) = 62D8
Symbol: buf_bgdata (./generated-code//boot-fd.bin) = 000B
Symbol: buf_erase_nb_cell (./generated-code//boot-fd.bin) = 0007
Symbol: buf_erase_routine (./generated-code//boot-fd.bin) = 0009
Symbol: buf_page_erase_routine (./generated-code//boot-fd.bin) = 0008
Symbol: buf_prev_mapping_frame (./generated-code//boot-fd.bin) = 0005
Symbol: buf_prev_render_flags (./generated-code//boot-fd.bin) = 0013
Symbol: buf_prev_x1_pixel (./generated-code//boot-fd.bin) = 000F
Symbol: buf_prev_x2_pixel (./generated-code//boot-fd.bin) = 0011
Symbol: buf_prev_x_pixel (./generated-code//boot-fd.bin) = 000D
Symbol: buf_prev_xy1_pixel (./generated-code//boot-fd.bin) = 000F
Symbol: buf_prev_xy2_pixel (./generated-code//boot-fd.bin) = 0011
Symbol: buf_prev_xy_pixel (./generated-code//boot-fd.bin) = 000D
Symbol: buf_prev_y1_pixel (./generated-code//boot-fd.bin) = 0010
Symbol: buf_prev_y2_pixel (./generated-code//boot-fd.bin) = 0012
Symbol: buf_prev_y_pixel (./generated-code//boot-fd.bin) = 000E
Symbol: buf_priority (./generated-code//boot-fd.bin) = 0000
Symbol: buf_priority_next_obj (./generated-code//boot-fd.bin) = 0003
Symbol: buf_priority_prev_obj (./generated-code//boot-fd.bin) = 0001
Symbol: Build_BootLastBlock (./generated-code//boot-fd.bin) = 0100
Symbol: Build_RAMLoaderManager (./generated-code//boot-fd.bin) = 0112
Symbol: CONSTANTS_ASM (./generated-code//boot-fd.bin) = 0001
Symbol: dk_dernier_bloc (./generated-code//boot-fd.bin) = 62CD
Symbol: dk_drive (./generated-code//boot-fd.bin) = 6049
Symbol: dk_sector (./generated-code//boot-fd.bin) = 604C
Symbol: dk_track (./generated-code//boot-fd.bin) = 604A
Symbol: dk_track_lsb (./generated-code//boot-fd.bin) = 604B
Symbol: dk_write_location (./generated-code//boot-fd.bin) = 604F
Symbol: DKCO (./generated-code//boot-fd.bin) = 62AE
Symbol: DKContinue (./generated-code//boot-fd.bin) = 62C9
Symbol: DKLecture (./generated-code//boot-fd.bin) = 629B
Symbol: dp (./generated-code//boot-fd.bin) = 9F00
Symbol: dp_engine (./generated-code//boot-fd.bin) = 9FB1
Symbol: dp_extreg (./generated-code//boot-fd.bin) = 9F95
Symbol: draw_routine (./generated-code//boot-fd.bin) = 0001
Symbol: end_pal_len (./generated-code//boot-fd.bin) = 62FE
Symbol: erase_nb_cell (./generated-code//boot-fd.bin) = 0006
Symbol: erase_routine (./generated-code//boot-fd.bin) = 0004
Symbol: ext_variables (./generated-code//boot-fd.bin) = 0026
Symbol: fill (./generated-code//boot-fd.bin) = 4145
Symbol: glb_a0 (./generated-code//boot-fd.bin) = 9FA7
Symbol: glb_a0_b (./generated-code//boot-fd.bin) = 9FA8
Symbol: glb_a1 (./generated-code//boot-fd.bin) = 9FA9
Symbol: glb_a1_b (./generated-code//boot-fd.bin) = 9FAA
Symbol: glb_a2 (./generated-code//boot-fd.bin) = 9FAB
Symbol: glb_a2_b (./generated-code//boot-fd.bin) = 9FAC
Symbol: glb_a3 (./generated-code//boot-fd.bin) = 9FAD
Symbol: glb_a3_b (./generated-code//boot-fd.bin) = 9FAE
Symbol: glb_a4 (./generated-code//boot-fd.bin) = 9FAF
Symbol: glb_a4_b (./generated-code//boot-fd.bin) = 9FB0
Symbol: glb_alphaTiles (./generated-code//boot-fd.bin) = 9FD5
Symbol: glb_camera_height (./generated-code//boot-fd.bin) = 9FEC
Symbol: glb_camera_move (./generated-code//boot-fd.bin) = 9FD6
Symbol: glb_camera_width (./generated-code//boot-fd.bin) = 9FEA
Symbol: glb_camera_x_max_pos (./generated-code//boot-fd.bin) = 9FDE
Symbol: glb_camera_x_min_pos (./generated-code//boot-fd.bin) = 9FE2
Symbol: glb_camera_x_offset (./generated-code//boot-fd.bin) = 9FDA
Symbol: glb_camera_x_pos (./generated-code//boot-fd.bin) = 9FE6
Symbol: glb_camera_x_pos_coarse (./generated-code//boot-fd.bin) = 9FE8
Symbol: glb_camera_y_max_pos (./generated-code//boot-fd.bin) = 9FDC
Symbol: glb_camera_y_min_pos (./generated-code//boot-fd.bin) = 9FE0
Symbol: glb_camera_y_offset (./generated-code//boot-fd.bin) = 9FD8
Symbol: glb_camera_y_pos (./generated-code//boot-fd.bin) = 9FE4
Symbol: glb_d0 (./generated-code//boot-fd.bin) = 9F95
Symbol: glb_d0_b (./generated-code//boot-fd.bin) = 9F96
Symbol: glb_d1 (./generated-code//boot-fd.bin) = 9F98
Symbol: glb_d1_b (./generated-code//boot-fd.bin) = 9F99
Symbol: glb_d2 (./generated-code//boot-fd.bin) = 9F9B
Symbol: glb_d2_b (./generated-code//boot-fd.bin) = 9F9C
Symbol: glb_d3 (./generated-code//boot-fd.bin) = 9F9E
Symbol: glb_d3_b (./generated-code//boot-fd.bin) = 9F9F
Symbol: glb_d4 (./generated-code//boot-fd.bin) = 9FA1
Symbol: glb_d4_b (./generated-code//boot-fd.bin) = 9FA2
Symbol: glb_d5 (./generated-code//boot-fd.bin) = 9FA3
Symbol: glb_d5_b (./generated-code//boot-fd.bin) = 9FA4
Symbol: glb_d6 (./generated-code//boot-fd.bin) = 9FA5
Symbol: glb_d6_b (./generated-code//boot-fd.bin) = 9FA6
Symbol: glb_force_sprite_refresh (./generated-code//boot-fd.bin) = 9FD7
Symbol: glb_Page (./generated-code//boot-fd.bin) = 9FD1
Symbol: glb_ram_end (./generated-code//boot-fd.bin) = 9FF4
Symbol: glb_register_s (./generated-code//boot-fd.bin) = 9FF2
Symbol: glb_screen_location_1 (./generated-code//boot-fd.bin) = 9FF0
Symbol: glb_screen_location_2 (./generated-code//boot-fd.bin) = 9FEE
Symbol: glb_system_stack (./generated-code//boot-fd.bin) = 9F00
Symbol: glb_timer (./generated-code//boot-fd.bin) = 9FD3
Symbol: glb_timer_frame (./generated-code//boot-fd.bin) = 9FD2
Symbol: glb_timer_minute (./generated-code//boot-fd.bin) = 9FD3
Symbol: glb_timer_second (./generated-code//boot-fd.bin) = 9FD4
Symbol: gm_game (./generated-code//boot-fd.bin) = 01AA
Symbol: Gm_Index (./generated-code//boot-fd.bin) = 01CE
Symbol: gmboot (./generated-code//boot-fd.bin) = 0000
Symbol: GmID_game (./generated-code//boot-fd.bin) = 0000
Symbol: id (./generated-code//boot-fd.bin) = 0000
Symbol: image_center_offset (./generated-code//boot-fd.bin) = 0006
Symbol: image_set (./generated-code//boot-fd.bin) = 0010
Symbol: image_subset_x1_offset (./generated-code//boot-fd.bin) = 0004
Symbol: image_subset_y1_offset (./generated-code//boot-fd.bin) = 0005
Symbol: image_x_size (./generated-code//boot-fd.bin) = 0004
Symbol: image_y_size (./generated-code//boot-fd.bin) = 0005
Symbol: InitVideo (./generated-code//boot-fd.bin) = 6280
Symbol: nb_priority_levels (./generated-code//boot-fd.bin) = 0008
Symbol: next_object (./generated-code//boot-fd.bin) = 0000
Symbol: object_base_size (./generated-code//boot-fd.bin) = 0026
Symbol: object_rsvd (./generated-code//boot-fd.bin) = 0000
Symbol: object_rsvd_size (./generated-code//boot-fd.bin) = 003B
Symbol: object_size (./generated-code//boot-fd.bin) = 0000
Symbol: page_draw_routine (./generated-code//boot-fd.bin) = 0000
Symbol: page_erase_routine (./generated-code//boot-fd.bin) = 0003
Symbol: pal_buffer (./generated-code//boot-fd.bin) = 6278
Symbol: pal_cycles (./generated-code//boot-fd.bin) = 62FE
Symbol: pal_from (./generated-code//boot-fd.bin) = 62EC
Symbol: pal_idx (./generated-code//boot-fd.bin) = 627E
Symbol: pal_len (./generated-code//boot-fd.bin) = 62F8
Symbol: pal_mask (./generated-code//boot-fd.bin) = 62FF
Symbol: PalFade (./generated-code//boot-fd.bin) = 6204
Symbol: PalInit (./generated-code//boot-fd.bin) = 6200
Symbol: PalRun (./generated-code//boot-fd.bin) = 6222
Symbol: PalVRDec (./generated-code//boot-fd.bin) = 623E
Symbol: PalVRSave (./generated-code//boot-fd.bin) = 6242
Symbol: PalVRSuivante (./generated-code//boot-fd.bin) = 6244
Symbol: prev_anim (./generated-code//boot-fd.bin) = 000A
Symbol: priority (./generated-code//boot-fd.bin) = 0007
Symbol: RAMLoader (./generated-code//boot-fd.bin) = 40C1
Symbol: RAMLoader_continue (./generated-code//boot-fd.bin) = 40D0
Symbol: RAMLoaderBin (./generated-code//boot-fd.bin) = 005F
Symbol: RAMLoaderManager (./generated-code//boot-fd.bin) = 0000
Symbol: render_flags (./generated-code//boot-fd.bin) = 0002
Symbol: render_hide_mask (./generated-code//boot-fd.bin) = 0080
Symbol: render_overlay_mask (./generated-code//boot-fd.bin) = 0004
Symbol: render_playfieldcoord_mask (./generated-code//boot-fd.bin) = 0008
Symbol: render_subobjects_mask (./generated-code//boot-fd.bin) = 0040
Symbol: render_todelete_mask (./generated-code//boot-fd.bin) = 0020
Symbol: render_xloop_mask (./generated-code//boot-fd.bin) = 0010
Symbol: render_xmirror_mask (./generated-code//boot-fd.bin) = 0001
Symbol: render_ymirror_mask (./generated-code//boot-fd.bin) = 0002
Symbol: RL_Continue (./generated-code//boot-fd.bin) = 40DF
Symbol: RL_DKCO (./generated-code//boot-fd.bin) = 4103
Symbol: RL_DKContinue (./generated-code//boot-fd.bin) = 411E
Symbol: RL_DKDernierBloc (./generated-code//boot-fd.bin) = 4122
Symbol: RL_NegOffset (./generated-code//boot-fd.bin) = 4131
Symbol: RL_Page (./generated-code//boot-fd.bin) = 4135
Symbol: RL_RAM_index (./generated-code//boot-fd.bin) = 4149
Symbol: RLM_CopyCode (./generated-code//boot-fd.bin) = 004E
Symbol: RLM_CopyCode_restore_s (./generated-code//boot-fd.bin) = 0058
Symbol: RLM_CopyData (./generated-code//boot-fd.bin) = 0042
Symbol: RLM_SetPage (./generated-code//boot-fd.bin) = 0036
Symbol: RLM_SkipCommon (./generated-code//boot-fd.bin) = 0013
Symbol: routine (./generated-code//boot-fd.bin) = 0022
Symbol: routine_quaternary (./generated-code//boot-fd.bin) = 0025
Symbol: routine_secondary (./generated-code//boot-fd.bin) = 0023
Symbol: routine_tertiary (./generated-code//boot-fd.bin) = 0024
Symbol: rsv_bgdata_0 (./generated-code//boot-fd.bin) = 0000
Symbol: rsv_bgdata_1 (./generated-code//boot-fd.bin) = 0000
Symbol: rsv_buffer_0 (./generated-code//boot-fd.bin) = 0000
Symbol: rsv_buffer_1 (./generated-code//boot-fd.bin) = 0000
Symbol: rsv_draw_routine (./generated-code//boot-fd.bin) = 0000
Symbol: rsv_erase_nb_cell (./generated-code//boot-fd.bin) = 0000
Symbol: rsv_erase_routine (./generated-code//boot-fd.bin) = 0000
Symbol: rsv_image_center_offset (./generated-code//boot-fd.bin) = 0000
Symbol: rsv_image_subset (./generated-code//boot-fd.bin) = 0000
Symbol: rsv_mapping_frame (./generated-code//boot-fd.bin) = 0000
Symbol: rsv_page_draw_routine (./generated-code//boot-fd.bin) = 0000
Symbol: rsv_page_erase_routine (./generated-code//boot-fd.bin) = 0000
Symbol: rsv_prev_anim (./generated-code//boot-fd.bin) = 0000
Symbol: rsv_prev_erase_nb_cell_0 (./generated-code//boot-fd.bin) = 0000
Symbol: rsv_prev_erase_nb_cell_1 (./generated-code//boot-fd.bin) = 0000
Symbol: rsv_prev_erase_routine_0 (./generated-code//boot-fd.bin) = 0000
Symbol: rsv_prev_erase_routine_1 (./generated-code//boot-fd.bin) = 0000
Symbol: rsv_prev_mapping_frame_0 (./generated-code//boot-fd.bin) = 0000
Symbol: rsv_prev_mapping_frame_1 (./generated-code//boot-fd.bin) = 0000
Symbol: rsv_prev_page_erase_routine_0 (./generated-code//boot-fd.bin) = 0000
Symbol: rsv_prev_page_erase_routine_1 (./generated-code//boot-fd.bin) = 0000
Symbol: rsv_prev_render_flags_0 (./generated-code//boot-fd.bin) = 0000
Symbol: rsv_prev_render_flags_1 (./generated-code//boot-fd.bin) = 0000
Symbol: rsv_prev_render_onscreen_mask (./generated-code//boot-fd.bin) = 0080
Symbol: rsv_prev_render_overlay_mask (./generated-code//boot-fd.bin) = 0001
Symbol: rsv_prev_x1_pixel_0 (./generated-code//boot-fd.bin) = 0000
Symbol: rsv_prev_x1_pixel_1 (./generated-code//boot-fd.bin) = 0000
Symbol: rsv_prev_x2_pixel_0 (./generated-code//boot-fd.bin) = 0000
Symbol: rsv_prev_x2_pixel_1 (./generated-code//boot-fd.bin) = 0000
Symbol: rsv_prev_x_pixel_0 (./generated-code//boot-fd.bin) = 0000
Symbol: rsv_prev_x_pixel_1 (./generated-code//boot-fd.bin) = 0000
Symbol: rsv_prev_xy1_pixel_0 (./generated-code//boot-fd.bin) = 0000
Symbol: rsv_prev_xy1_pixel_1 (./generated-code//boot-fd.bin) = 0000
Symbol: rsv_prev_xy2_pixel_0 (./generated-code//boot-fd.bin) = 0000
Symbol: rsv_prev_xy2_pixel_1 (./generated-code//boot-fd.bin) = 0000
Symbol: rsv_prev_xy_pixel_0 (./generated-code//boot-fd.bin) = 0000
Symbol: rsv_prev_xy_pixel_1 (./generated-code//boot-fd.bin) = 0000
Symbol: rsv_prev_y1_pixel_0 (./generated-code//boot-fd.bin) = 0000
Symbol: rsv_prev_y1_pixel_1 (./generated-code//boot-fd.bin) = 0000
Symbol: rsv_prev_y2_pixel_0 (./generated-code//boot-fd.bin) = 0000
Symbol: rsv_prev_y2_pixel_1 (./generated-code//boot-fd.bin) = 0000
Symbol: rsv_prev_y_pixel_0 (./generated-code//boot-fd.bin) = 0000
Symbol: rsv_prev_y_pixel_1 (./generated-code//boot-fd.bin) = 0000
Symbol: rsv_priority_0 (./generated-code//boot-fd.bin) = 0000
Symbol: rsv_priority_1 (./generated-code//boot-fd.bin) = 0000
Symbol: rsv_priority_next_obj_0 (./generated-code//boot-fd.bin) = 0000
Symbol: rsv_priority_next_obj_1 (./generated-code//boot-fd.bin) = 0000
Symbol: rsv_priority_prev_obj_0 (./generated-code//boot-fd.bin) = 0000
Symbol: rsv_priority_prev_obj_1 (./generated-code//boot-fd.bin) = 0000
Symbol: rsv_render_checkrefresh_mask (./generated-code//boot-fd.bin) = 0001
Symbol: rsv_render_displaysprite_mask (./generated-code//boot-fd.bin) = 0004
Symbol: rsv_render_erasesprite_mask (./generated-code//boot-fd.bin) = 0002
Symbol: rsv_render_flags (./generated-code//boot-fd.bin) = 0000
Symbol: rsv_render_onscreen_mask (./generated-code//boot-fd.bin) = 0080
Symbol: rsv_render_outofrange_mask (./generated-code//boot-fd.bin) = 0008
Symbol: rsv_x1_pixel (./generated-code//boot-fd.bin) = 0000
Symbol: rsv_x2_pixel (./generated-code//boot-fd.bin) = 0000
Symbol: rsv_xy1_pixel (./generated-code//boot-fd.bin) = 0000
Symbol: rsv_xy2_pixel (./generated-code//boot-fd.bin) = 0000
Symbol: rsv_y1_pixel (./generated-code//boot-fd.bin) = 0000
Symbol: rsv_y2_pixel (./generated-code//boot-fd.bin) = 0000
Symbol: run_object_next (./generated-code//boot-fd.bin) = 0005
Symbol: run_object_prev (./generated-code//boot-fd.bin) = 0003
Symbol: screen_bottom (./generated-code//boot-fd.bin) = 00E3
Symbol: screen_height (./generated-code//boot-fd.bin) = 00C8
Symbol: screen_left (./generated-code//boot-fd.bin) = 0030
Symbol: screen_right (./generated-code//boot-fd.bin) = 00CF
Symbol: screen_top (./generated-code//boot-fd.bin) = 001C
Symbol: screen_width (./generated-code//boot-fd.bin) = 00A0
Symbol: SetPalBleu (./generated-code//boot-fd.bin) = 6248
Symbol: SetPalBleudec (./generated-code//boot-fd.bin) = 6253
Symbol: SetPalNext (./generated-code//boot-fd.bin) = 6256
Symbol: SetPalSaveBleu (./generated-code//boot-fd.bin) = 6254
Symbol: sound_end_addr (./generated-code//boot-fd.bin) = 0003
Symbol: sound_meta_size (./generated-code//boot-fd.bin) = 0005
Symbol: sound_page (./generated-code//boot-fd.bin) = 0000
Symbol: sound_start_addr (./generated-code//boot-fd.bin) = 0001
Symbol: start (./generated-code//boot-fd.bin) = 4000
Symbol: status_flags (./generated-code//boot-fd.bin) = 000E
Symbol: status_xflip_mask (./generated-code//boot-fd.bin) = 0001
Symbol: status_yflip_mask (./generated-code//boot-fd.bin) = 0002
Symbol: subtype (./generated-code//boot-fd.bin) = 0001
Symbol: Tempo (./generated-code//boot-fd.bin) = 621A
Symbol: Vsync_1 (./generated-code//boot-fd.bin) = 620C
Symbol: Vsync_2 (./generated-code//boot-fd.bin) = 6211
Symbol: x_acl (./generated-code//boot-fd.bin) = 001E
Symbol: x_pixel (./generated-code//boot-fd.bin) = 0018
Symbol: x_pos (./generated-code//boot-fd.bin) = 0012
Symbol: x_sub (./generated-code//boot-fd.bin) = 0014
Symbol: x_vel (./generated-code//boot-fd.bin) = 001A
Symbol: xy_pixel (./generated-code//boot-fd.bin) = 0018
Symbol: y_acl (./generated-code//boot-fd.bin) = 0020
Symbol: y_pixel (./generated-code//boot-fd.bin) = 0019
Symbol: y_pos (./generated-code//boot-fd.bin) = 0015
Symbol: y_sub (./generated-code//boot-fd.bin) = 0017
Symbol: y_vel (./generated-code//boot-fd.bin) = 001C
Symbol: zx0_code (./generated-code//boot-fd.bin) = 404D
Symbol: zx0_copy (./generated-code//boot-fd.bin) = 404B
Symbol: zx0_decompress (./generated-code//boot-fd.bin) = 4000
Symbol: ZX0_DISABLE_DISABLING_INTERRUPTS (./generated-code//boot-fd.bin) = 0001
Symbol: zx0_dp (./generated-code//boot-fd.bin) = 0040
Symbol: zx0_dp_end (./generated-code//boot-fd.bin) = 0040
Symbol: zx0_eof (./generated-code//boot-fd.bin) = 400F
Symbol: zx0_literals (./generated-code//boot-fd.bin) = 4062
Symbol: zx0_new_offset (./generated-code//boot-fd.bin) = 4011
Symbol: zx0_offset (./generated-code//boot-fd.bin) = 4050
Symbol: zx0_reload (./generated-code//boot-fd.bin) = 40A0
Symbol: zx0_rts (./generated-code//boot-fd.bin) = 40C0
