                      (./generated-code/):00001                 INCLUDE "./Engine/Constants.asm"
                      (./Engine/Constant):00001         * ---------------------------------------------------------------------------
                      (./Engine/Constant):00002         * Constants
                      (./Engine/Constant):00003         *
                      (./Engine/Constant):00004         * Naming convention
                      (./Engine/Constant):00005         * -----------------
                      (./Engine/Constant):00006         * - lower case
                      (./Engine/Constant):00007         * - underscore-separated names
                      (./Engine/Constant):00008         *
                      (./Engine/Constant):00009         * ---------------------------------------------------------------------------
                      (./Engine/Constant):00010         
                      (./Engine/Constant):00011         * ===========================================================================
                      (./Engine/Constant):00012         * TO8 Registers
                      (./Engine/Constant):00013         * ===========================================================================
                      (./Engine/Constant):00014         
                      (./Engine/Constant):00015         ; Disk routine registers (ROM)
                      (./Engine/Constant):00016         
     6049             (./Engine/Constant):00017         dk_drive                      equ $6049
     604A             (./Engine/Constant):00018         dk_track                      equ $604A
     604B             (./Engine/Constant):00019         dk_track_lsb                  equ $604B
     604C             (./Engine/Constant):00020         dk_sector                     equ $604C
     604F             (./Engine/Constant):00021         dk_write_location             equ $604F
                      (./Engine/Constant):00022         
                      (./Engine/Constant):00023         * ===========================================================================
                      (./Engine/Constant):00024         * Globals
                      (./Engine/Constant):00025         * ===========================================================================
                      (./Engine/Constant):00026         
     009F             (./Engine/Constant):00027         glb_direct_page               equ $9F    ; direct page for globals
                      (./Engine/Constant):00028         
                      (./Engine/Constant):00029         ; compilated sprite
     9FFE             (./Engine/Constant):00030         glb_register_s                equ $9FFE  ; reverved space to store S from ROM routines
                      (./Engine/Constant):00031         
                      (./Engine/Constant):00032         ; DrawSprites
     9FFC             (./Engine/Constant):00033         glb_screen_location_1         equ $9FFC  ; start address for rendering of current sprite Part1     
     9FFA             (./Engine/Constant):00034         glb_screen_location_2         equ $9FFA  ; start address for rendering of current sprite Part2 (Must follow Part1)
                      (./Engine/Constant):00035         
                      (./Engine/Constant):00036         ; CheckSpritesRefresh
     9FF9             (./Engine/Constant):00037         glb_cur_priority              equ $9FF9
     9FF7             (./Engine/Constant):00038         glb_cur_ptr_sub_obj_erase     equ $9FF7
     9FF5             (./Engine/Constant):00039         glb_cur_ptr_sub_obj_draw      equ $9FF5
     9FF3             (./Engine/Constant):00040         glb_camera_x_pos              equ $9FF3 ; camera x position in palyfield coordinates
     9FF1             (./Engine/Constant):00041         glb_camera_y_pos              equ $9FF1 ; camera y position in palyfield coordinates
     9FEF             (./Engine/Constant):00042         glb_camera_x_min_pos          equ $9FEF
     9FED             (./Engine/Constant):00043         glb_camera_y_min_pos          equ $9FED
     9FEB             (./Engine/Constant):00044         glb_camera_x_max_pos          equ $9FEB
     9FE9             (./Engine/Constant):00045         glb_camera_y_max_pos          equ $9FE9
     9FE8             (./Engine/Constant):00046         glb_force_sprite_refresh      equ $9FE8
     9FE7             (./Engine/Constant):00047         glb_camera_move               equ $9FE7
     9FE6             (./Engine/Constant):00048         glb_alphaTiles                equ $9FE6
     9F00             (./Engine/Constant):00049         glb_tmp_var                   equ $9F00 ; custom tmp var space for routine
     9F00             (./Engine/Constant):00050         glb_system_stack              equ $9F00
                      (./Engine/Constant):00051         
                      (./Engine/Constant):00052         * ===========================================================================
                      (./Engine/Constant):00053         * Display Constants
                      (./Engine/Constant):00054         * ===========================================================================
                      (./Engine/Constant):00055         
     00A0             (./Engine/Constant):00056         screen_width                  equ 160    ; in pixel
     001C             (./Engine/Constant):00057         screen_top                    equ 28     ; in pixel
     00E3             (./Engine/Constant):00058         screen_bottom                 equ 28+199 ; in pixel
     0030             (./Engine/Constant):00059         screen_left                   equ 48     ; in pixel
     00CF             (./Engine/Constant):00060         screen_right                  equ 48+159 ; in pixel
     0008             (./Engine/Constant):00061         nb_priority_levels            equ 8      ; number of priority levels (need code change if modified)
                      (./Engine/Constant):00062         
                      (./Engine/Constant):00063         * ===========================================================================
                      (./Engine/Constant):00064         * Images Constants
                      (./Engine/Constant):00065         * ===========================================================================
                      (./Engine/Constant):00066         
     0004             (./Engine/Constant):00067         image_x_size                  equ 4
     0005             (./Engine/Constant):00068         image_y_size                  equ 5
     0006             (./Engine/Constant):00069         image_center_offset           equ 6
                      (./Engine/Constant):00070         
     0004             (./Engine/Constant):00071         image_subset_x1_offset        equ 4
     0005             (./Engine/Constant):00072         image_subset_y1_offset        equ 5
                      (./Engine/Constant):00073         
     0000             (./Engine/Constant):00074         page_draw_routine             equ 0
     0001             (./Engine/Constant):00075         draw_routine                  equ 1
     0003             (./Engine/Constant):00076         page_erase_routine            equ 3
     0004             (./Engine/Constant):00077         erase_routine                 equ 4
     0006             (./Engine/Constant):00078         erase_nb_cell                 equ 6
                      (./Engine/Constant):00079         
                      (./Engine/Constant):00080         * ===========================================================================
                      (./Engine/Constant):00081         * Sound Constants
                      (./Engine/Constant):00082         * ===========================================================================
                      (./Engine/Constant):00083         
     0000             (./Engine/Constant):00084         sound_page        equ 0
     0001             (./Engine/Constant):00085         sound_start_addr  equ 1
     0003             (./Engine/Constant):00086         sound_end_addr    equ 3
     0005             (./Engine/Constant):00087         sound_meta_size   equ 5
                      (./Engine/Constant):00088         
                      (./Engine/Constant):00089         * ===========================================================================
                      (./Engine/Constant):00090         * Object Constants
                      (./Engine/Constant):00091         * ===========================================================================
                      (./Engine/Constant):00092         
     005D             (./Engine/Constant):00093         object_core_size              equ 93  ; the size of an object without ext_vars - DEPENDENCY ClearObj routine
     ????             (./Engine/Constant):00094         object_size                   equ object_core_size+ext_variables_size ; the size of a dynamic object
     ????             (./Engine/Constant):00095         next_object                   equ object_size
     005D             (./Engine/Constant):00096         ext_variables                 equ object_core_size ; start of reserved space for additionnal variables
                      (./Engine/Constant):00097         
     0000             (./Engine/Constant):00098         id                            equ 0           ; reference to object model id (ObjID_) (0: free slot)
     0001             (./Engine/Constant):00099         subtype                       equ 1           ; reference to object subtype (Sub_)
     0002             (./Engine/Constant):00100         render_flags                  equ 2
                      (./Engine/Constant):00101         
                      (./Engine/Constant):00102         * --- render_flags bitfield variables ---
     0001             (./Engine/Constant):00103         render_xmirror_mask           equ $01 ; (bit 0) DEPENDENCY should be bit 0 - tell display engine to mirror sprite on horizontal axis
     0002             (./Engine/Constant):00104         render_ymirror_mask           equ $02 ; (bit 1) DEPENDENCY should be bit 1 - tell display engine to mirror sprite on vertical axis
     0004             (./Engine/Constant):00105         render_overlay_mask           equ $04 ; (bit 2) DEPENDENCY should be bit 2 - compilated sprite with no background save
     0008             (./Engine/Constant):00106         render_motionless_mask        equ $08 ; (bit 3) tell display engine to compute sub image and position check only once until the flag is removed  
     0010             (./Engine/Constant):00107         render_playfieldcoord_mask    equ $10 ; (bit 4) tell display engine to use playfield (1) or screen (0) coordinates
     0020             (./Engine/Constant):00108         render_hide_mask              equ $20 ; (bit 5) tell display engine to hide sprite (keep priority and mapping_frame)
     0040             (./Engine/Constant):00109         render_todelete_mask          equ $40 ; (bit 6) tell display engine to delete sprite and clear OST for this object
     0080             (./Engine/Constant):00110         render_xloop_mask             equ $80 ; (bit 7) (screen coordinate) tell display engine to hide sprite when x is out of screen (0) or to display (1)  
                      (./Engine/Constant):00111          
     0003             (./Engine/Constant):00112         priority                      equ 3           ; display priority (0: nothing to display, 1:front, ..., 8:back)
     0004             (./Engine/Constant):00113         anim                          equ 4  ; and 5  ; reference to current animation (Ani_)
     0006             (./Engine/Constant):00114         prev_anim                     equ 6  ; and 7  ; reference to previous animation (Ani_)
     0008             (./Engine/Constant):00115         anim_frame                    equ 8           ; index of current frame in animation
     0009             (./Engine/Constant):00116         anim_frame_duration           equ 9           ; number of frames for each image in animation, range: 00-7F (0-127), 0 means display only during one frame
     000A             (./Engine/Constant):00117         anim_flags                    equ 10          ; byte offset to reference an anim_flags LUT (adv) / store a link flag (non adv)
                      (./Engine/Constant):00118         
                      (./Engine/Constant):00119         * --- anim_flags bitfield variables ---
     0001             (./Engine/Constant):00120         anim_link_mask                equ $01 ; (bit 0) if set, allow the load of a new animation without reseting anim_frame and anim_frame_duration
                      (./Engine/Constant):00121         
     000B             (./Engine/Constant):00122         status_flags                  equ 11          ; orientation of sprite, is applied to animation xmirror flag during AnimateSprite
                      (./Engine/Constant):00123         
                      (./Engine/Constant):00124         * --- status_flags bitfield variables ---
     0001             (./Engine/Constant):00125         status_xflip_mask             equ $01 ; (bit 0) X Flip
     0002             (./Engine/Constant):00126         status_yflip_mask             equ $02 ; (bit 1) Y Flip
                      (./Engine/Constant):00127         
     000C             (./Engine/Constant):00128         image_set                     equ 12 ; and 13 ; reference to current image (Img_) (0000 if no image)
     000E             (./Engine/Constant):00129         x_pos                         equ 14 ; and 15 ; x playfield coordinate
     0010             (./Engine/Constant):00130         x_sub                         equ 16          ; x subpixel (1/256 of a pixel), must follow x_pos in data structure
     0011             (./Engine/Constant):00131         y_pos                         equ 17 ; and 18 ; y playfield coordinate
     0013             (./Engine/Constant):00132         y_sub                         equ 19          ; y subpixel (1/256 of a pixel), must follow y_pos in data structure
     0014             (./Engine/Constant):00133         xy_pixel                      equ 20          ; x and y screen coordinate
     0014             (./Engine/Constant):00134         x_pixel                       equ 20          ; x screen coordinate
     0015             (./Engine/Constant):00135         y_pixel                       equ 21          ; y screen coordinate, must follow x_pixel
                      (./Engine/Constant):00136         ;x_offset                      equ 93          ; x screen coordinate offset that is applied at rendering
                      (./Engine/Constant):00137         ;y_offset                      equ 94          ; x screen coordinate offset that is applied at rendering
     0016             (./Engine/Constant):00138         x_vel                         equ 22 ; and 23 ; horizontal velocity
     0018             (./Engine/Constant):00139         y_vel                         equ 24 ; and 25 ; vertical velocity
     001A             (./Engine/Constant):00140         x_acl                         equ 26 ; and 27 ; horizontal gravity
     001C             (./Engine/Constant):00141         y_acl                         equ 28 ; and 29 ; vertical gravity
     001E             (./Engine/Constant):00142         routine                       equ 30          ; index of current object routine
     001F             (./Engine/Constant):00143         routine_secondary             equ 31          ; index of current secondary routine
     0020             (./Engine/Constant):00144         routine_tertiary              equ 32          ; index of current tertiary routine
     0021             (./Engine/Constant):00145         routine_quaternary            equ 33          ; index of current quaternary routine
                      (./Engine/Constant):00146         
                      (./Engine/Constant):00147         * ---------------------------------------------------------------------------
                      (./Engine/Constant):00148         * reserved variables (update by engine)
                      (./Engine/Constant):00149         
     0022             (./Engine/Constant):00150         rsv_render_flags              equ 34
                      (./Engine/Constant):00151         
                      (./Engine/Constant):00152         * --- rsv_render_flags bitfield variables ---
     0001             (./Engine/Constant):00153         rsv_render_checkrefresh_mask  equ $01 ; (bit 0) if erasesprite and display sprite flag are processed for this frame
     0002             (./Engine/Constant):00154         rsv_render_erasesprite_mask   equ $02 ; (bit 1) if a sprite need to be cleared on screen
     0004             (./Engine/Constant):00155         rsv_render_displaysprite_mask equ $04 ; (bit 2) if a sprite need to be rendered on screen
     0008             (./Engine/Constant):00156         rsv_render_outofrange_mask    equ $08 ; (bit 3) if a sprite is out of range for full rendering in screen
     0080             (./Engine/Constant):00157         rsv_render_onscreen_mask      equ $80 ; (bit 7) DEPENDENCY should be bit 7 - has been rendered on last screen buffer (may be 0 or 1)
                      (./Engine/Constant):00158         
     0023             (./Engine/Constant):00159         rsv_prev_anim                 equ 35 ; and 36 ; reference to previous animation (Ani_) w * UTILE ?
     0025             (./Engine/Constant):00160         rsv_image_center_offset       equ 37 ; 0 or 1 offset that indicate if image center is even or odd (DRS_XYToAddress)
     0026             (./Engine/Constant):00161         rsv_image_subset              equ 38 ; and 39 ; reference to current image regarding mirror flags w
     0028             (./Engine/Constant):00162         rsv_mapping_frame             equ 40 ; and 41 ; reference to current image regarding mirror flags, overlay flag and x precision w
     002A             (./Engine/Constant):00163         rsv_erase_nb_cell             equ 42 ; b 
     002B             (./Engine/Constant):00164         rsv_page_draw_routine         equ 43 ; b
     002C             (./Engine/Constant):00165         rsv_draw_routine              equ 44 ; and 45 ; w
     002E             (./Engine/Constant):00166         rsv_page_erase_routine        equ 46 ; b
     002F             (./Engine/Constant):00167         rsv_erase_routine             equ 47 ; and 48 ; w 
     0031             (./Engine/Constant):00168         rsv_xy1_pixel                 equ 49 ;
     0031             (./Engine/Constant):00169         rsv_x1_pixel                  equ 49 ; x+x_offset-(x_size/2) screen coordinate
     0032             (./Engine/Constant):00170         rsv_y1_pixel                  equ 50 ; y+y_offset-(y_size/2) screen coordinate, must follow rsv_x1_pixel
     0033             (./Engine/Constant):00171         rsv_xy2_pixel                 equ 51 ;
     0033             (./Engine/Constant):00172         rsv_x2_pixel                  equ 51 ; x+x_offset+(x_size/2) screen coordinate
     0034             (./Engine/Constant):00173         rsv_y2_pixel                  equ 52 ; y+y_offset+(y_size/2) screen coordinate, must follow rsv_x2_pixel
                      (./Engine/Constant):00174         
                      (./Engine/Constant):00175         * ---------------------------------------------------------------------------
                      (./Engine/Constant):00176         * reserved variables (engine) - buffer specific
                      (./Engine/Constant):00177         
     0035             (./Engine/Constant):00178         rsv_buffer_0                  equ 53 ; Start index of buffer 0 variables
     0035             (./Engine/Constant):00179         rsv_priority_0                equ 53 ; internal value that hold priority in video buffer 0
     0036             (./Engine/Constant):00180         rsv_priority_prev_obj_0       equ 54 ; and 55 ; previous object (OST address) in display priority list for video buffer 0 (0000 if none) w
     0038             (./Engine/Constant):00181         rsv_priority_next_obj_0       equ 56 ; and 57 ; next object (OST address) in display priority list for video buffer 0 (0000 if none) w
     003A             (./Engine/Constant):00182         rsv_prev_mapping_frame_0      equ 58 ; and 59 ; reference to previous image in video buffer 0 w
     003C             (./Engine/Constant):00183         rsv_prev_erase_nb_cell_0      equ 60 : b
     003D             (./Engine/Constant):00184         rsv_prev_page_erase_routine_0 equ 61 ; b
     003E             (./Engine/Constant):00185         rsv_prev_erase_routine_0      equ 62 ; and 63 ; w
     0040             (./Engine/Constant):00186         rsv_bgdata_0                  equ 64 ; and 65 ; address of background data in screen 0 w
     0042             (./Engine/Constant):00187         rsv_prev_xy_pixel_0           equ 66 ;
     0042             (./Engine/Constant):00188         rsv_prev_x_pixel_0            equ 66 ; previous x screen coordinate b
     0043             (./Engine/Constant):00189         rsv_prev_y_pixel_0            equ 67 ; previous y screen coordinate b, must follow x_pixel
     0044             (./Engine/Constant):00190         rsv_prev_xy1_pixel_0          equ 68 ;
     0044             (./Engine/Constant):00191         rsv_prev_x1_pixel_0           equ 68 ; previous x+x_offset-(x_size/2) screen coordinate b
     0045             (./Engine/Constant):00192         rsv_prev_y1_pixel_0           equ 69 ; previous y+y_offset-(y_size/2) screen coordinate b, must follow x1_pixel
     0046             (./Engine/Constant):00193         rsv_prev_xy2_pixel_0          equ 70 ;
     0046             (./Engine/Constant):00194         rsv_prev_x2_pixel_0           equ 70 ; previous x+x_offset+(x_size/2) screen coordinate b
     0047             (./Engine/Constant):00195         rsv_prev_y2_pixel_0           equ 71 ; previous y+y_offset+(y_size/2) screen coordinate b, must follow x2_pixel
     0048             (./Engine/Constant):00196         rsv_prev_render_flags_0       equ 72 ;
                      (./Engine/Constant):00197         * --- rsv_prev_render_flags_0 bitfield variables ---
     0001             (./Engine/Constant):00198         rsv_prev_render_overlay_mask  equ $01 ; (bit 0) if a sprite has been rendered with compilated sprite and no background save on screen buffer 0/1
     0080             (./Engine/Constant):00199         rsv_prev_render_onscreen_mask equ $80 ; (bit 7) DEPENDENCY should be bit 7 - has been rendered on screen buffer 0/1
                      (./Engine/Constant):00200         
     0049             (./Engine/Constant):00201         rsv_buffer_1                  equ 73 ; Start index of buffer 1 variables
     0049             (./Engine/Constant):00202         rsv_priority_1                equ 73 ; internal value that hold priority in video buffer 1
     004A             (./Engine/Constant):00203         rsv_priority_prev_obj_1       equ 74 ; and 75 ; previous object (OST address) in display priority list for video buffer 1 (0000 if none) w
     004C             (./Engine/Constant):00204         rsv_priority_next_obj_1       equ 76 ; and 77 ; next object (OST address) in display priority list for video buffer 1 (0000 if none) w
     004E             (./Engine/Constant):00205         rsv_prev_mapping_frame_1      equ 78 ; and 79 ; reference to previous image in video buffer 1 w
     0050             (./Engine/Constant):00206         rsv_prev_erase_nb_cell_1      equ 80 ; b
     0051             (./Engine/Constant):00207         rsv_prev_page_erase_routine_1 equ 81 ; b
     0052             (./Engine/Constant):00208         rsv_prev_erase_routine_1      equ 82 ; and 83 ; w
     0054             (./Engine/Constant):00209         rsv_bgdata_1                  equ 84 ; and 85 ; address of background data in screen 1 w
     0056             (./Engine/Constant):00210         rsv_prev_xy_pixel_1           equ 86 ;
     0056             (./Engine/Constant):00211         rsv_prev_x_pixel_1            equ 86 ; previous x screen coordinate b
     0057             (./Engine/Constant):00212         rsv_prev_y_pixel_1            equ 87 ; previous y screen coordinate b, must follow x_pixel
     0058             (./Engine/Constant):00213         rsv_prev_xy1_pixel_1          equ 88 ;
     0058             (./Engine/Constant):00214         rsv_prev_x1_pixel_1           equ 88 ; previous x+x_size screen coordinate b
     0059             (./Engine/Constant):00215         rsv_prev_y1_pixel_1           equ 89 ; previous y+y_size screen coordinate b, must follow x_pixel
     005A             (./Engine/Constant):00216         rsv_prev_xy2_pixel_1          equ 90 ;
     005A             (./Engine/Constant):00217         rsv_prev_x2_pixel_1           equ 90 ; previous x+x_size screen coordinate b
     005B             (./Engine/Constant):00218         rsv_prev_y2_pixel_1           equ 91 ; previous y+y_size screen coordinate b, must follow x_pixel
     005C             (./Engine/Constant):00219         rsv_prev_render_flags_1       equ 92 ;
                      (./Engine/Constant):00220         
     0000             (./Engine/Constant):00221         buf_priority                  equ 0  ; offset for each rsv_buffer variables
     0001             (./Engine/Constant):00222         buf_priority_prev_obj         equ 1  ;
     0003             (./Engine/Constant):00223         buf_priority_next_obj         equ 3  ;
     0005             (./Engine/Constant):00224         buf_prev_mapping_frame        equ 5  ;
     0007             (./Engine/Constant):00225         buf_erase_nb_cell             equ 7  ;
     0008             (./Engine/Constant):00226         buf_page_erase_routine        equ 8 ;
     0009             (./Engine/Constant):00227         buf_erase_routine             equ 9 ;
     000B             (./Engine/Constant):00228         buf_bgdata                    equ 11 ;
     000D             (./Engine/Constant):00229         buf_prev_xy_pixel             equ 13 ;
     000D             (./Engine/Constant):00230         buf_prev_x_pixel              equ 13 ;
     000E             (./Engine/Constant):00231         buf_prev_y_pixel              equ 14 ;
     000F             (./Engine/Constant):00232         buf_prev_xy1_pixel            equ 15 ;
     000F             (./Engine/Constant):00233         buf_prev_x1_pixel             equ 15 ;
     0010             (./Engine/Constant):00234         buf_prev_y1_pixel             equ 16 ;
     0011             (./Engine/Constant):00235         buf_prev_xy2_pixel            equ 17 ;
     0011             (./Engine/Constant):00236         buf_prev_x2_pixel             equ 17 ;
     0012             (./Engine/Constant):00237         buf_prev_y2_pixel             equ 18 ;
     0013             (./Engine/Constant):00238         buf_prev_render_flags         equ 19 ;
                      (./generated-code/):00002                 ORG $A000
     FF               (./generated-code/):00003                 SETDP $FF
                      (./generated-code/):00004                 OPT C,CT
A000                  (./generated-code/):00005                 DRAW_Img_emblemFront02_0
A000 33C9045C         (./generated-code/):00006 [8]     8               LEAU 1116,U
                      (./generated-code/):00007                 
A004 A659             (./generated-code/):00008 [5]     13              LDA -7,U
A006 84F0             (./generated-code/):00009 [2]     15              ANDA #$F0
A008 8A02             (./generated-code/):00010 [2]     17              ORA #$02
A00A A759             (./generated-code/):00011 [5]     22              STA -7,U
A00C CC6122           (./generated-code/):00012 [3]     25              LDD #$6122
A00F 8E1111           (./generated-code/):00013 [3]     28              LDX #$1111
A012 108E2222         (./generated-code/):00014 [4]     32              LDY #$2222
A016 3636             (./generated-code/):00015 [11]    43              PSHU D,X,Y
A018 33C8DE           (./generated-code/):00016 [5]     48              LEAU -34,U
                      (./generated-code/):00017                 
A01B 3636             (./generated-code/):00018 [11]    59              PSHU D,X,Y
A01D 33C8DE           (./generated-code/):00019 [5]     64              LEAU -34,U
                      (./generated-code/):00020                 
A020 3636             (./generated-code/):00021 [11]    75              PSHU D,X,Y
A022 33C8DE           (./generated-code/):00022 [5]     80              LEAU -34,U
                      (./generated-code/):00023                 
A025 C601             (./generated-code/):00024 [2]     82              LDB #$01
A027 8E0001           (./generated-code/):00025 [3]     85              LDX #$0001
A02A 108E1222         (./generated-code/):00026 [4]     89              LDY #$1222
A02E 3636             (./generated-code/):00027 [11]    100             PSHU D,X,Y
A030 33C8DE           (./generated-code/):00028 [5]     105             LEAU -34,U
                      (./generated-code/):00029                 
A033 C6D0             (./generated-code/):00030 [2]     107             LDB #$d0
A035 8E6660           (./generated-code/):00031 [3]     110             LDX #$6660
A038 108E1221         (./generated-code/):00032 [4]     114             LDY #$1221
A03C 3636             (./generated-code/):00033 [11]    125             PSHU D,X,Y
A03E 33C8DE           (./generated-code/):00034 [5]     130             LEAU -34,U
                      (./generated-code/):00035                 
A041 C6D6             (./generated-code/):00036 [2]     132             LDB #$d6
A043 8E6666           (./generated-code/):00037 [3]     135             LDX #$6666
A046 3636             (./generated-code/):00038 [11]    146             PSHU D,X,Y
A048 33C8DE           (./generated-code/):00039 [5]     151             LEAU -34,U
                      (./generated-code/):00040                 
A04B 108E1110         (./generated-code/):00041 [4]     155             LDY #$1110
A04F 3636             (./generated-code/):00042 [11]    166             PSHU D,X,Y
A051 33C8DE           (./generated-code/):00043 [5]     171             LEAU -34,U
                      (./generated-code/):00044                 
A054 CCD1D1           (./generated-code/):00045 [3]     174             LDD #$d1d1
A057 108E1116         (./generated-code/):00046 [4]     178             LDY #$1116
A05B 3636             (./generated-code/):00047 [11]    189             PSHU D,X,Y
A05D 33C8DE           (./generated-code/):00048 [5]     194             LEAU -34,U
                      (./generated-code/):00049                 
A060 8E6677           (./generated-code/):00050 [3]     197             LDX #$6677
A063 108E1106         (./generated-code/):00051 [4]     201             LDY #$1106
A067 3636             (./generated-code/):00052 [11]    212             PSHU D,X,Y
A069 33C8DE           (./generated-code/):00053 [5]     217             LEAU -34,U
                      (./generated-code/):00054                 
A06C CC6101           (./generated-code/):00055 [3]     220             LDD #$6101
A06F 8E1177           (./generated-code/):00056 [3]     223             LDX #$1177
A072 108E1167         (./generated-code/):00057 [4]     227             LDY #$1167
A076 3636             (./generated-code/):00058 [11]    238             PSHU D,X,Y
A078 33C8DE           (./generated-code/):00059 [5]     243             LEAU -34,U
                      (./generated-code/):00060                 
A07B C600             (./generated-code/):00061 [2]     245             LDB #$00
A07D 8E1133           (./generated-code/):00062 [3]     248             LDX #$1133
A080 108E1177         (./generated-code/):00063 [4]     252             LDY #$1177
A084 3636             (./generated-code/):00064 [11]    263             PSHU D,X,Y
A086 33C8DE           (./generated-code/):00065 [5]     268             LEAU -34,U
                      (./generated-code/):00066                 
A089 CC21D0           (./generated-code/):00067 [3]     271             LDD #$21d0
A08C 108E1133         (./generated-code/):00068 [4]     275             LDY #$1133
A090 3636             (./generated-code/):00069 [11]    286             PSHU D,X,Y
A092 33C8DE           (./generated-code/):00070 [5]     291             LEAU -34,U
                      (./generated-code/):00071                 
A095 108E1033         (./generated-code/):00072 [4]     295             LDY #$1033
A099 3636             (./generated-code/):00073 [11]    306             PSHU D,X,Y
A09B 33C8DE           (./generated-code/):00074 [5]     311             LEAU -34,U
                      (./generated-code/):00075                 
A09E C6DD             (./generated-code/):00076 [2]     313             LDB #$dd
A0A0 8E7700           (./generated-code/):00077 [3]     316             LDX #$7700
A0A3 3636             (./generated-code/):00078 [11]    327             PSHU D,X,Y
A0A5 33C8DE           (./generated-code/):00079 [5]     332             LEAU -34,U
                      (./generated-code/):00080                 
A0A8 8622             (./generated-code/):00081 [2]     334             LDA #$22
A0AA 8E0000           (./generated-code/):00082 [3]     337             LDX #$0000
A0AD 108E1060         (./generated-code/):00083 [4]     341             LDY #$1060
A0B1 3636             (./generated-code/):00084 [11]    352             PSHU D,X,Y
A0B3 33C8DE           (./generated-code/):00085 [5]     357             LEAU -34,U
                      (./generated-code/):00086                 
A0B6 CC2301           (./generated-code/):00087 [3]     360             LDD #$2301
A0B9 8EBBBB           (./generated-code/):00088 [3]     363             LDX #$bbbb
A0BC 108E1000         (./generated-code/):00089 [4]     367             LDY #$1000
A0C0 3636             (./generated-code/):00090 [11]    378             PSHU D,X,Y
A0C2 33C8DE           (./generated-code/):00091 [5]     383             LEAU -34,U
                      (./generated-code/):00092                 
A0C5 C600             (./generated-code/):00093 [2]     385             LDB #$00
A0C7 108E00BB         (./generated-code/):00094 [4]     389             LDY #$00bb
A0CB 3636             (./generated-code/):00095 [11]    400             PSHU D,X,Y
A0CD 33C8DE           (./generated-code/):00096 [5]     405             LEAU -34,U
                      (./generated-code/):00097                 
A0D0 C62B             (./generated-code/):00098 [2]     407             LDB #$2b
A0D2 8EBBB1           (./generated-code/):00099 [3]     410             LDX #$bbb1
A0D5 3636             (./generated-code/):00100 [11]    421             PSHU D,X,Y
A0D7 33C8DE           (./generated-code/):00101 [5]     426             LEAU -34,U
                      (./generated-code/):00102                 
A0DA C61B             (./generated-code/):00103 [2]     428             LDB #$1b
A0DC 8EBB10           (./generated-code/):00104 [3]     431             LDX #$bb10
A0DF 3636             (./generated-code/):00105 [11]    442             PSHU D,X,Y
A0E1 33C8DE           (./generated-code/):00106 [5]     447             LEAU -34,U
                      (./generated-code/):00107                 
A0E4 8EBB00           (./generated-code/):00108 [3]     450             LDX #$bb00
A0E7 3636             (./generated-code/):00109 [11]    461             PSHU D,X,Y
A0E9 33C8DE           (./generated-code/):00110 [5]     466             LEAU -34,U
                      (./generated-code/):00111                 
A0EC 8EBB11           (./generated-code/):00112 [3]     469             LDX #$bb11
A0EF 108E10BB         (./generated-code/):00113 [4]     473             LDY #$10bb
A0F3 3636             (./generated-code/):00114 [11]    484             PSHU D,X,Y
A0F5 33C8DE           (./generated-code/):00115 [5]     489             LEAU -34,U
                      (./generated-code/):00116                 
A0F8 108E12BB         (./generated-code/):00117 [4]     493             LDY #$12bb
A0FC 3636             (./generated-code/):00118 [11]    504             PSHU D,X,Y
A0FE 33C8DE           (./generated-code/):00119 [5]     509             LEAU -34,U
                      (./generated-code/):00120                 
A101 3636             (./generated-code/):00121 [11]    520             PSHU D,X,Y
A103 33C8DE           (./generated-code/):00122 [5]     525             LEAU -34,U
                      (./generated-code/):00123                 
A106 C62C             (./generated-code/):00124 [2]     527             LDB #$2c
A108 8ECCCC           (./generated-code/):00125 [3]     530             LDX #$cccc
A10B 3636             (./generated-code/):00126 [11]    541             PSHU D,X,Y
A10D 33C8DE           (./generated-code/):00127 [5]     546             LEAU -34,U
                      (./generated-code/):00128                 
A110 3636             (./generated-code/):00129 [11]    557             PSHU D,X,Y
A112 33C8DE           (./generated-code/):00130 [5]     562             LEAU -34,U
                      (./generated-code/):00131                 
A115 A65A             (./generated-code/):00132 [5]     567             LDA -6,U
A117 84F0             (./generated-code/):00133 [2]     569             ANDA #$F0
A119 8A03             (./generated-code/):00134 [2]     571             ORA #$03
A11B A75A             (./generated-code/):00135 [5]     576             STA -6,U
A11D 8621             (./generated-code/):00136 [2]     578             LDA #$21
A11F 108E12CC         (./generated-code/):00137 [4]     582             LDY #$12cc
A123 3632             (./generated-code/):00138 [10]    592             PSHU A,X,Y
A125 33C8DD           (./generated-code/):00139 [5]     597             LEAU -35,U
                      (./generated-code/):00140                 
A128 A65A             (./generated-code/):00141 [5]     602             LDA -6,U
A12A 84F0             (./generated-code/):00142 [2]     604             ANDA #$F0
A12C 8A03             (./generated-code/):00143 [2]     606             ORA #$03
A12E A75A             (./generated-code/):00144 [5]     611             STA -6,U
A130 8622             (./generated-code/):00145 [2]     613             LDA #$22
A132 8EDDDD           (./generated-code/):00146 [3]     616             LDX #$dddd
A135 108E221C         (./generated-code/):00147 [4]     620             LDY #$221c
A139 3632             (./generated-code/):00148 [10]    630             PSHU A,X,Y
A13B 33C8DD           (./generated-code/):00149 [5]     635             LEAU -35,U
                      (./generated-code/):00150                 
A13E A65A             (./generated-code/):00151 [5]     640             LDA -6,U
A140 84F0             (./generated-code/):00152 [2]     642             ANDA #$F0
A142 8A02             (./generated-code/):00153 [2]     644             ORA #$02
A144 A75A             (./generated-code/):00154 [5]     649             STA -6,U
A146 8622             (./generated-code/):00155 [2]     651             LDA #$22
A148 108E220C         (./generated-code/):00156 [4]     655             LDY #$220c
A14C 3632             (./generated-code/):00157 [10]    665             PSHU A,X,Y
A14E 33C8DD           (./generated-code/):00158 [5]     670             LEAU -35,U
                      (./generated-code/):00159                 
A151 108E222D         (./generated-code/):00160 [4]     674             LDY #$222d
A155 3632             (./generated-code/):00161 [10]    684             PSHU A,X,Y
A157 33C8DD           (./generated-code/):00162 [5]     689             LEAU -35,U
                      (./generated-code/):00163                 
A15A 8E0000           (./generated-code/):00164 [3]     692             LDX #$0000
A15D 108E2220         (./generated-code/):00165 [4]     696             LDY #$2220
A161 3632             (./generated-code/):00166 [10]    706             PSHU A,X,Y
A163 33C8DD           (./generated-code/):00167 [5]     711             LEAU -35,U
                      (./generated-code/):00168                 
A166 8E2222           (./generated-code/):00169 [3]     714             LDX #$2222
A169 108E2222         (./generated-code/):00170 [4]     718             LDY #$2222
A16D 3632             (./generated-code/):00171 [10]    728             PSHU A,X,Y
A16F 33C8DD           (./generated-code/):00172 [5]     733             LEAU -35,U
                      (./generated-code/):00173                 
A172 3630             (./generated-code/):00174 [9]     742             PSHU X,Y
                      (./generated-code/):00175                 
A174 DEFC             (./generated-code/):00176 [5]     747             LDU <glb_screen_location_1
A176 33C9045C         (./generated-code/):00177 [8]     755             LEAU 1116,U
                      (./generated-code/):00178                 
A17A 8633             (./generated-code/):00179 [2]     757             LDA #$33
A17C A759             (./generated-code/):00180 [5]     762             STA -7,U
A17E CC2222           (./generated-code/):00181 [3]     765             LDD #$2222
A181 8E1122           (./generated-code/):00182 [3]     768             LDX #$1122
A184 108E2222         (./generated-code/):00183 [4]     772             LDY #$2222
A188 3636             (./generated-code/):00184 [11]    783             PSHU D,X,Y
A18A 33C8DE           (./generated-code/):00185 [5]     788             LEAU -34,U
                      (./generated-code/):00186                 
A18D 8623             (./generated-code/):00187 [2]     790             LDA #$23
A18F A759             (./generated-code/):00188 [5]     795             STA -7,U
A191 CC0211           (./generated-code/):00189 [3]     798             LDD #$0211
A194 8E1112           (./generated-code/):00190 [3]     801             LDX #$1112
A197 3636             (./generated-code/):00191 [11]    812             PSHU D,X,Y
A199 33C8DE           (./generated-code/):00192 [5]     817             LEAU -34,U
                      (./generated-code/):00193                 
A19C A659             (./generated-code/):00194 [5]     822             LDA -7,U
A19E 84F0             (./generated-code/):00195 [2]     824             ANDA #$F0
A1A0 8A02             (./generated-code/):00196 [2]     826             ORA #$02
A1A2 A759             (./generated-code/):00197 [5]     831             STA -7,U
A1A4 CC0011           (./generated-code/):00198 [3]     834             LDD #$0011
A1A7 8E1111           (./generated-code/):00199 [3]     837             LDX #$1111
A1AA 108E2221         (./generated-code/):00200 [4]     841             LDY #$2221
A1AE 3636             (./generated-code/):00201 [11]    852             PSHU D,X,Y
A1B0 33C8DE           (./generated-code/):00202 [5]     857             LEAU -34,U
                      (./generated-code/):00203                 
A1B3 CCB010           (./generated-code/):00204 [3]     860             LDD #$b010
A1B6 8E0011           (./generated-code/):00205 [3]     863             LDX #$0011
A1B9 108E2211         (./generated-code/):00206 [4]     867             LDY #$2211
A1BD 3636             (./generated-code/):00207 [11]    878             PSHU D,X,Y
A1BF 33C8DE           (./generated-code/):00208 [5]     883             LEAU -34,U
                      (./generated-code/):00209                 
A1C2 CCD006           (./generated-code/):00210 [3]     886             LDD #$d006
A1C5 8E6601           (./generated-code/):00211 [3]     889             LDX #$6601
A1C8 3636             (./generated-code/):00212 [11]    900             PSHU D,X,Y
A1CA 33C8DE           (./generated-code/):00213 [5]     905             LEAU -34,U
                      (./generated-code/):00214                 
A1CD CCDD66           (./generated-code/):00215 [3]     908             LDD #$dd66
A1D0 8E6661           (./generated-code/):00216 [3]     911             LDX #$6661
A1D3 108E2200         (./generated-code/):00217 [4]     915             LDY #$2200
A1D7 3636             (./generated-code/):00218 [11]    926             PSHU D,X,Y
A1D9 33C8DE           (./generated-code/):00219 [5]     931             LEAU -34,U
                      (./generated-code/):00220                 
A1DC 8E6660           (./generated-code/):00221 [3]     934             LDX #$6660
A1DF 108E0066         (./generated-code/):00222 [4]     938             LDY #$0066
A1E3 3636             (./generated-code/):00223 [11]    949             PSHU D,X,Y
A1E5 33C8DE           (./generated-code/):00224 [5]     954             LEAU -34,U
                      (./generated-code/):00225                 
A1E8 8E6666           (./generated-code/):00226 [3]     957             LDX #$6666
A1EB 3636             (./generated-code/):00227 [11]    968             PSHU D,X,Y
A1ED 33C8DE           (./generated-code/):00228 [5]     973             LEAU -34,U
                      (./generated-code/):00229                 
A1F0 8E6676           (./generated-code/):00230 [3]     976             LDX #$6676
A1F3 3636             (./generated-code/):00231 [11]    987             PSHU D,X,Y
A1F5 33C8DE           (./generated-code/):00232 [5]     992             LEAU -34,U
                      (./generated-code/):00233                 
A1F8 C611             (./generated-code/):00234 [2]     994             LDB #$11
A1FA 8E1777           (./generated-code/):00235 [3]     997             LDX #$1777
A1FD 108E0177         (./generated-code/):00236 [4]     1001            LDY #$0177
A201 3636             (./generated-code/):00237 [11]    1012            PSHU D,X,Y
A203 33C8DE           (./generated-code/):00238 [5]     1017            LEAU -34,U
                      (./generated-code/):00239                 
A206 C600             (./generated-code/):00240 [2]     1019            LDB #$00
A208 3636             (./generated-code/):00241 [11]    1030            PSHU D,X,Y
A20A 33C8DE           (./generated-code/):00242 [5]     1035            LEAU -34,U
                      (./generated-code/):00243                 
A20D C601             (./generated-code/):00244 [2]     1037            LDB #$01
A20F 8E1337           (./generated-code/):00245 [3]     1040            LDX #$1337
A212 108E0737         (./generated-code/):00246 [4]     1044            LDY #$0737
A216 3636             (./generated-code/):00247 [11]    1055            PSHU D,X,Y
A218 33C8DE           (./generated-code/):00248 [5]     1060            LEAU -34,U
                      (./generated-code/):00249                 
A21B 8E1333           (./generated-code/):00250 [3]     1063            LDX #$1333
A21E 108E0331         (./generated-code/):00251 [4]     1067            LDY #$0331
A222 3636             (./generated-code/):00252 [11]    1078            PSHU D,X,Y
A224 33C8DE           (./generated-code/):00253 [5]     1083            LEAU -34,U
                      (./generated-code/):00254                 
A227 C613             (./generated-code/):00255 [2]     1085            LDB #$13
A229 8E3707           (./generated-code/):00256 [3]     1088            LDX #$3707
A22C 3636             (./generated-code/):00257 [11]    1099            PSHU D,X,Y
A22E 33C8DE           (./generated-code/):00258 [5]     1104            LEAU -34,U
                      (./generated-code/):00259                 
A231 CCDB00           (./generated-code/):00260 [3]     1107            LDD #$db00
A234 8E0000           (./generated-code/):00261 [3]     1110            LDX #$0000
A237 108E1371         (./generated-code/):00262 [4]     1114            LDY #$1371
A23B 3636             (./generated-code/):00263 [11]    1125            PSHU D,X,Y
A23D 33C8DE           (./generated-code/):00264 [5]     1130            LEAU -34,U
                      (./generated-code/):00265                 
A240 86D0             (./generated-code/):00266 [2]     1132            LDA #$d0
A242 8E00B1           (./generated-code/):00267 [3]     1135            LDX #$00b1
A245 108E1001         (./generated-code/):00268 [4]     1139            LDY #$1001
A249 3636             (./generated-code/):00269 [11]    1150            PSHU D,X,Y
A24B 33C8DE           (./generated-code/):00270 [5]     1155            LEAU -34,U
                      (./generated-code/):00271                 
A24E C6BB             (./generated-code/):00272 [2]     1157            LDB #$bb
A250 8EBBB1           (./generated-code/):00273 [3]     1160            LDX #$bbb1
A253 3636             (./generated-code/):00274 [11]    1171            PSHU D,X,Y
A255 33C8DE           (./generated-code/):00275 [5]     1176            LEAU -34,U
                      (./generated-code/):00276                 
A258 86D2             (./generated-code/):00277 [2]     1178            LDA #$d2
A25A 8EBB10           (./generated-code/):00278 [3]     1181            LDX #$bb10
A25D 108E1BB1         (./generated-code/):00279 [4]     1185            LDY #$1bb1
A261 3636             (./generated-code/):00280 [11]    1196            PSHU D,X,Y
A263 33C8DE           (./generated-code/):00281 [5]     1201            LEAU -34,U
                      (./generated-code/):00282                 
A266 8622             (./generated-code/):00283 [2]     1203            LDA #$22
A268 8E1100           (./generated-code/):00284 [3]     1206            LDX #$1100
A26B 3636             (./generated-code/):00285 [11]    1217            PSHU D,X,Y
A26D 33C8DE           (./generated-code/):00286 [5]     1222            LEAU -34,U
                      (./generated-code/):00287                 
A270 3636             (./generated-code/):00288 [11]    1233            PSHU D,X,Y
A272 33C8DE           (./generated-code/):00289 [5]     1238            LEAU -34,U
                      (./generated-code/):00290                 
A275 8E1111           (./generated-code/):00291 [3]     1241            LDX #$1111
A278 108E0BBB         (./generated-code/):00292 [4]     1245            LDY #$0bbb
A27C 3636             (./generated-code/):00293 [11]    1256            PSHU D,X,Y
A27E 33C8DE           (./generated-code/):00294 [5]     1261            LEAU -34,U
                      (./generated-code/):00295                 
A281 108E2BBB         (./generated-code/):00296 [4]     1265            LDY #$2bbb
A285 3636             (./generated-code/):00297 [11]    1276            PSHU D,X,Y
A287 33C8DE           (./generated-code/):00298 [5]     1281            LEAU -34,U
                      (./generated-code/):00299                 
A28A 3636             (./generated-code/):00300 [11]    1292            PSHU D,X,Y
A28C 33C8DE           (./generated-code/):00301 [5]     1297            LEAU -34,U
                      (./generated-code/):00302                 
A28F C6CC             (./generated-code/):00303 [2]     1299            LDB #$cc
A291 8ECCC1           (./generated-code/):00304 [3]     1302            LDX #$ccc1
A294 108E21BB         (./generated-code/):00305 [4]     1306            LDY #$21bb
A298 3636             (./generated-code/):00306 [11]    1317            PSHU D,X,Y
A29A 33C8DE           (./generated-code/):00307 [5]     1322            LEAU -34,U
                      (./generated-code/):00308                 
A29D 3636             (./generated-code/):00309 [11]    1333            PSHU D,X,Y
A29F 33C8DE           (./generated-code/):00310 [5]     1338            LEAU -34,U
                      (./generated-code/):00311                 
A2A2 108E22CC         (./generated-code/):00312 [4]     1342            LDY #$22cc
A2A6 3636             (./generated-code/):00313 [11]    1353            PSHU D,X,Y
A2A8 33C8DE           (./generated-code/):00314 [5]     1358            LEAU -34,U
                      (./generated-code/):00315                 
A2AB C6DD             (./generated-code/):00316 [2]     1360            LDB #$dd
A2AD 8EDDD1           (./generated-code/):00317 [3]     1363            LDX #$ddd1
A2B0 3636             (./generated-code/):00318 [11]    1374            PSHU D,X,Y
A2B2 33C8DE           (./generated-code/):00319 [5]     1379            LEAU -34,U
                      (./generated-code/):00320                 
A2B5 C61D             (./generated-code/):00321 [2]     1381            LDB #$1d
A2B7 3636             (./generated-code/):00322 [11]    1392            PSHU D,X,Y
A2B9 33C8DE           (./generated-code/):00323 [5]     1397            LEAU -34,U
                      (./generated-code/):00324                 
A2BC C620             (./generated-code/):00325 [2]     1399            LDB #$20
A2BE 8EDD02           (./generated-code/):00326 [3]     1402            LDX #$dd02
A2C1 108E22DD         (./generated-code/):00327 [4]     1406            LDY #$22dd
A2C5 3636             (./generated-code/):00328 [11]    1417            PSHU D,X,Y
A2C7 33C8DE           (./generated-code/):00329 [5]     1422            LEAU -34,U
                      (./generated-code/):00330                 
A2CA A65A             (./generated-code/):00331 [5]     1427            LDA -6,U
A2CC 84F0             (./generated-code/):00332 [2]     1429            ANDA #$F0
A2CE 8A02             (./generated-code/):00333 [2]     1431            ORA #$02
A2D0 A75A             (./generated-code/):00334 [5]     1436            STA -6,U
A2D2 8622             (./generated-code/):00335 [2]     1438            LDA #$22
A2D4 8E0022           (./generated-code/):00336 [3]     1441            LDX #$0022
A2D7 3632             (./generated-code/):00337 [10]    1451            PSHU A,X,Y
A2D9 33C8DD           (./generated-code/):00338 [5]     1456            LEAU -35,U
                      (./generated-code/):00339                 
A2DC 8E2222           (./generated-code/):00340 [3]     1459            LDX #$2222
A2DF 108E2200         (./generated-code/):00341 [4]     1463            LDY #$2200
A2E3 3632             (./generated-code/):00342 [10]    1473            PSHU A,X,Y
A2E5 33C8DD           (./generated-code/):00343 [5]     1478            LEAU -35,U
                      (./generated-code/):00344                 
A2E8 108E2222         (./generated-code/):00345 [4]     1482            LDY #$2222
A2EC 3632             (./generated-code/):00346 [10]    1492            PSHU A,X,Y
A2EE 39               (./generated-code/):00347 [5]     1497            RTS
                      (./generated-code/):00348                 
