                      (./generated-code/):00001                 INCLUDE "./engine/constants.asm"
                      (./engine/constant):00001         * ---------------------------------------------------------------------------
                      (./engine/constant):00002         * Constants
                      (./engine/constant):00003         *
                      (./engine/constant):00004         * Naming convention
                      (./engine/constant):00005         * -----------------
                      (./engine/constant):00006         * - lower case
                      (./engine/constant):00007         * - underscore-separated names
                      (./engine/constant):00008         *
                      (./engine/constant):00009         * ---------------------------------------------------------------------------
                      (./engine/constant):00010         
                      (./engine/constant):00011          ifndef CONSTANTS_ASM
     0001             (./engine/constant):00012         CONSTANTS_ASM equ 1
                      (./engine/constant):00013         
                      (./engine/constant):00014         * ===========================================================================
                      (./engine/constant):00015         * TO8 Registers
                      (./engine/constant):00016         * ===========================================================================
                      (./engine/constant):00017         
                      (./engine/constant):00018         ; Disk routine registers (ROM)
                      (./engine/constant):00019         
     6049             (./engine/constant):00020         dk_drive                      equ $6049
     604A             (./engine/constant):00021         dk_track                      equ $604A
     604B             (./engine/constant):00022         dk_track_lsb                  equ $604B
     604C             (./engine/constant):00023         dk_sector                     equ $604C
     604F             (./engine/constant):00024         dk_write_location             equ $604F
                      (./engine/constant):00025         
                      (./engine/constant):00026         * ===========================================================================
                      (./engine/constant):00027         * Globals
                      (./engine/constant):00028         * ===========================================================================
                      (./engine/constant):00029         
                      (./engine/constant):00030         ; compilated sprite
     9FFE             (./engine/constant):00031         glb_register_s                equ $9FFE  ; reverved space to store S from ROM routines
                      (./engine/constant):00032         
                      (./engine/constant):00033         ; DrawSprites
     9FFC             (./engine/constant):00034         glb_screen_location_1         equ $9FFC  ; start address for rendering of current sprite Part1     
     9FFA             (./engine/constant):00035         glb_screen_location_2         equ $9FFA  ; start address for rendering of current sprite Part2 (Must follow Part1)
                      (./engine/constant):00036         
                      (./engine/constant):00037         ; CheckSpritesRefresh
     9FF9             (./engine/constant):00038         glb_cur_priority              equ $9FF9
     9FF7             (./engine/constant):00039         glb_cur_ptr_sub_obj_erase     equ $9FF7
     9FF5             (./engine/constant):00040         glb_cur_ptr_sub_obj_draw      equ $9FF5
                      (./engine/constant):00041         
     9FF3             (./engine/constant):00042         glb_camera_x_pos              equ $9FF3 ; camera x position in palyfield coordinates
     9FF1             (./engine/constant):00043         glb_camera_y_pos              equ $9FF1 ; camera y position in palyfield coordinates
     9FEF             (./engine/constant):00044         glb_camera_x_min_pos          equ $9FEF
     9FED             (./engine/constant):00045         glb_camera_y_min_pos          equ $9FED
     9FEB             (./engine/constant):00046         glb_camera_x_max_pos          equ $9FEB
     9FE9             (./engine/constant):00047         glb_camera_y_max_pos          equ $9FE9
     9FE8             (./engine/constant):00048         glb_camera_x_offset           equ $9FE8
     9FE7             (./engine/constant):00049         glb_camera_y_offset           equ $9FE7 
     9FE6             (./engine/constant):00050         glb_force_sprite_refresh      equ $9FE6
     9FE5             (./engine/constant):00051         glb_camera_move               equ $9FE5
     9FE4             (./engine/constant):00052         glb_alphaTiles                equ $9FE4
     9FE3             (./engine/constant):00053         glb_timer_second              equ $9FE3
     9FE2             (./engine/constant):00054         glb_timer_minute              equ $9FE2
     9FE2             (./engine/constant):00055         glb_timer                     equ $9FE2 
     9FE1             (./engine/constant):00056         glb_timer_frame               equ $9FE1
                      (./engine/constant):00057         
                      (./engine/constant):00058         ; BankSwitch
     9FE0             (./engine/constant):00059         glb_Page                      equ $9FE0
     9FB0             (./engine/constant):00060         dp_engine                     equ $9FB0 ; engine and user routines tmp var space
     9F00             (./engine/constant):00061         dp                            equ $9F00 ; free user tmp var space
     9F00             (./engine/constant):00062         glb_system_stack              equ $9F00
                      (./engine/constant):00063         
                      (./engine/constant):00064         * ===========================================================================
                      (./engine/constant):00065         * Display Constants
                      (./engine/constant):00066         * ===========================================================================
                      (./engine/constant):00067         
     00A0             (./engine/constant):00068         screen_width                  equ 160    ; in pixel
     001C             (./engine/constant):00069         screen_top                    equ 28     ; in pixel
     00E3             (./engine/constant):00070         screen_bottom                 equ 28+199 ; in pixel
     0030             (./engine/constant):00071         screen_left                   equ 48     ; in pixel
     00CF             (./engine/constant):00072         screen_right                  equ 48+159 ; in pixel
     0008             (./engine/constant):00073         nb_priority_levels            equ 8      ; number of priority levels (need code change if modified)
                      (./engine/constant):00074         
                      (./engine/constant):00075         * ===========================================================================
                      (./engine/constant):00076         * Images Constants
                      (./engine/constant):00077         * ===========================================================================
                      (./engine/constant):00078         
     0004             (./engine/constant):00079         image_x_size                  equ 4
     0005             (./engine/constant):00080         image_y_size                  equ 5
     0006             (./engine/constant):00081         image_center_offset           equ 6
                      (./engine/constant):00082         
     0004             (./engine/constant):00083         image_subset_x1_offset        equ 4
     0005             (./engine/constant):00084         image_subset_y1_offset        equ 5
                      (./engine/constant):00085         
     0000             (./engine/constant):00086         page_draw_routine             equ 0
     0001             (./engine/constant):00087         draw_routine                  equ 1
     0003             (./engine/constant):00088         page_erase_routine            equ 3
     0004             (./engine/constant):00089         erase_routine                 equ 4
     0006             (./engine/constant):00090         erase_nb_cell                 equ 6
                      (./engine/constant):00091         
                      (./engine/constant):00092         * ===========================================================================
                      (./engine/constant):00093         * Sound Constants
                      (./engine/constant):00094         * ===========================================================================
                      (./engine/constant):00095         
     0000             (./engine/constant):00096         sound_page        equ 0
     0001             (./engine/constant):00097         sound_start_addr  equ 1
     0003             (./engine/constant):00098         sound_end_addr    equ 3
     0005             (./engine/constant):00099         sound_meta_size   equ 5
                      (./engine/constant):00100         
                      (./engine/constant):00101         * ===========================================================================
                      (./engine/constant):00102         * Object Constants
                      (./engine/constant):00103         * ===========================================================================
                      (./engine/constant):00104         
                      (./engine/constant):00105         ; ext_variables_size should be declared in game source code
                      (./engine/constant):00106         
     0022             (./engine/constant):00107         object_base_size              equ 34  ; the size of an object without ext_vars - DEPENDENCY ClearObj routine
     003B             (./engine/constant):00108         object_rsvd_size              equ 59  ; the size of an object without ext_vars - DEPENDENCY ClearObj routine
     ????             (./engine/constant):00109         object_rsvd                   equ object_base_size+ext_variables_size
     ????             (./engine/constant):00110         object_size                   equ object_base_size+ext_variables_size+object_rsvd_size ; the size of a dynamic object
     ????             (./engine/constant):00111         next_object                   equ object_size
     0022             (./engine/constant):00112         ext_variables                 equ object_base_size ; start of reserved space for additionnal variables
                      (./engine/constant):00113         
     0000             (./engine/constant):00114         id                            equ 0           ; reference to object model id (ObjID_) (0: free slot)
     0001             (./engine/constant):00115         subtype                       equ 1           ; reference to object subtype (Sub_) DEPENDENCY subtype must follow id
     0002             (./engine/constant):00116         render_flags                  equ 2
                      (./engine/constant):00117         
                      (./engine/constant):00118         ; bit 7 = onscreen flag, bit 0 = x mirror, bit 1 = y mirror, bit 2 = coordinate system, bit 6 = render subobjects
                      (./engine/constant):00119         
                      (./engine/constant):00120         * --- render_flags bitfield variables ---
     0001             (./engine/constant):00121         render_xmirror_mask           equ $01 ; (bit 0) DEPENDENCY should be bit 0 - tell display engine to mirror sprite on horizontal axis
     0002             (./engine/constant):00122         render_ymirror_mask           equ $02 ; (bit 1) DEPENDENCY should be bit 1 - tell display engine to mirror sprite on vertical axis
     0004             (./engine/constant):00123         render_overlay_mask           equ $04 ; (bit 2) DEPENDENCY should be bit 2 - compilated sprite with no background save
     0008             (./engine/constant):00124         render_playfieldcoord_mask    equ $08 ; (bit 3) tell display engine to use playfield (1) or screen (0) coordinates
     0010             (./engine/constant):00125         render_xloop_mask             equ $10 ; (bit 4) (in screen coordinate) tell display engine to hide sprite when x is out of screen (0) or to display (1)  
     0020             (./engine/constant):00126         render_todelete_mask          equ $20 ; (bit 5) tell display engine to delete sprite and clear OST for this object
     0040             (./engine/constant):00127         render_subobjects             equ $40 ; (bit 6) tell display engine to render subobjects for this object
     0080             (./engine/constant):00128         render_hide_mask              equ $80 ; (bit 7) tell display engine to hide sprite (keep priority and mapping_frame)
                      (./engine/constant):00129         
     0003             (./engine/constant):00130         priority                      equ 3           ; display priority (0: nothing to display, 1:front, ..., 8:back)
     0004             (./engine/constant):00131         anim                          equ 4  ; and 5  ; reference to current animation (Ani_)
     0006             (./engine/constant):00132         prev_anim                     equ 6  ; and 7  ; reference to previous animation (Ani_)
     0008             (./engine/constant):00133         anim_frame                    equ 8           ; index of current frame in animation
     0009             (./engine/constant):00134         anim_frame_duration           equ 9           ; number of frames for each image in animation, range: 00-7F (0-127), 0 means display only during one frame
     000A             (./engine/constant):00135         anim_flags                    equ 10          ; byte offset to reference an anim_flags LUT (adv) / store a link flag (non adv)
                      (./engine/constant):00136         
                      (./engine/constant):00137         * --- anim_flags bitfield variables ---
     0001             (./engine/constant):00138         anim_link_mask                equ $01 ; (bit 0) if set, allow the load of a new animation without reseting anim_frame and anim_frame_duration
                      (./engine/constant):00139         
     000B             (./engine/constant):00140         status_flags                  equ 11          ; orientation of sprite, is applied to animation xmirror flag during AnimateSprite
                      (./engine/constant):00141         
                      (./engine/constant):00142         * --- status_flags bitfield variables ---
     0001             (./engine/constant):00143         status_xflip_mask             equ $01 ; (bit 0) X Flip
     0002             (./engine/constant):00144         status_yflip_mask             equ $02 ; (bit 1) Y Flip
                      (./engine/constant):00145         
     000C             (./engine/constant):00146         image_set                     equ 12 ; and 13 ; reference to current image (Img_) (0000 if no image)
     000E             (./engine/constant):00147         x_pos                         equ 14 ; and 15 ; x playfield coordinate
     0010             (./engine/constant):00148         x_sub                         equ 16          ; x subpixel (1/256 of a pixel), must follow x_pos in data structure
     0011             (./engine/constant):00149         y_pos                         equ 17 ; and 18 ; y playfield coordinate
     0013             (./engine/constant):00150         y_sub                         equ 19          ; y subpixel (1/256 of a pixel), must follow y_pos in data structure
     0014             (./engine/constant):00151         xy_pixel                      equ 20          ; x and y screen coordinate
     0014             (./engine/constant):00152         x_pixel                       equ 20          ; x screen coordinate
     0015             (./engine/constant):00153         y_pixel                       equ 21          ; y screen coordinate, must follow x_pixel
     0016             (./engine/constant):00154         x_vel                         equ 22 ; and 23 ; horizontal velocity
     0018             (./engine/constant):00155         y_vel                         equ 24 ; and 25 ; vertical velocity
     001A             (./engine/constant):00156         x_acl                         equ 26 ; and 27 ; horizontal gravity
     001C             (./engine/constant):00157         y_acl                         equ 28 ; and 29 ; vertical gravity
     001E             (./engine/constant):00158         routine                       equ 30          ; index of current object routine
     001F             (./engine/constant):00159         routine_secondary             equ 31          ; index of current secondary routine
     0020             (./engine/constant):00160         routine_tertiary              equ 32          ; index of current tertiary routine
     0021             (./engine/constant):00161         routine_quaternary            equ 33          ; index of current quaternary routine
                      (./engine/constant):00162         
                      (./engine/constant):00163         * ---------------------------------------------------------------------------
                      (./engine/constant):00164         * reserved variables (read/write by engine)
                      (./engine/constant):00165         
     ????             (./engine/constant):00166         rsv_render_flags              equ object_rsvd
                      (./engine/constant):00167         
                      (./engine/constant):00168         * --- rsv_render_flags bitfield variables ---
     0001             (./engine/constant):00169         rsv_render_checkrefresh_mask  equ $01 ; (bit 0) if erasesprite and display sprite flag are processed for this frame
     0002             (./engine/constant):00170         rsv_render_erasesprite_mask   equ $02 ; (bit 1) if a sprite need to be cleared on screen
     0004             (./engine/constant):00171         rsv_render_displaysprite_mask equ $04 ; (bit 2) if a sprite need to be rendered on screen
     0008             (./engine/constant):00172         rsv_render_outofrange_mask    equ $08 ; (bit 3) if a sprite is out of range for full rendering in screen
     0080             (./engine/constant):00173         rsv_render_onscreen_mask      equ $80 ; (bit 7) DEPENDENCY should be bit 7 - has been rendered on last screen buffer (may be 0 or 1)
                      (./engine/constant):00174         
     ????             (./engine/constant):00175         rsv_prev_anim                 equ object_rsvd+1 ; and +2 ; reference to previous animation (Ani_) w * UTILE ?
     ????             (./engine/constant):00176         rsv_image_center_offset       equ object_rsvd+3 ; 0 or 1 offset that indicate if image center is even or odd (DRS_XYToAddress)
     ????             (./engine/constant):00177         rsv_image_subset              equ object_rsvd+4 ; and +5 ; reference to current image regarding mirror flags w
     ????             (./engine/constant):00178         rsv_mapping_frame             equ object_rsvd+6 ; and +7 ; reference to current image regarding mirror flags, overlay flag and x precision w
     ????             (./engine/constant):00179         rsv_erase_nb_cell             equ object_rsvd+8 ; b 
     ????             (./engine/constant):00180         rsv_page_draw_routine         equ object_rsvd+9 ; b
     ????             (./engine/constant):00181         rsv_draw_routine              equ object_rsvd+10 ; and +11 ; w
     ????             (./engine/constant):00182         rsv_page_erase_routine        equ object_rsvd+12 ; b
     ????             (./engine/constant):00183         rsv_erase_routine             equ object_rsvd+13 ; and +14 ; w 
     ????             (./engine/constant):00184         rsv_xy1_pixel                 equ object_rsvd+15 ;
     ????             (./engine/constant):00185         rsv_x1_pixel                  equ object_rsvd+15 ; x+x_offset-(x_size/2) screen coordinate
     ????             (./engine/constant):00186         rsv_y1_pixel                  equ object_rsvd+16 ; y+y_offset-(y_size/2) screen coordinate, must follow rsv_x1_pixel
     ????             (./engine/constant):00187         rsv_xy2_pixel                 equ object_rsvd+17 ;
     ????             (./engine/constant):00188         rsv_x2_pixel                  equ object_rsvd+17 ; x+x_offset+(x_size/2) screen coordinate
     ????             (./engine/constant):00189         rsv_y2_pixel                  equ object_rsvd+18 ; y+y_offset+(y_size/2) screen coordinate, must follow rsv_x2_pixel
                      (./engine/constant):00190         
                      (./engine/constant):00191         * ---------------------------------------------------------------------------
                      (./engine/constant):00192         * reserved variables (engine) - buffer specific
                      (./engine/constant):00193         
     ????             (./engine/constant):00194         rsv_buffer_0                  equ object_rsvd+19 ; Start index of buffer 0 variables
     ????             (./engine/constant):00195         rsv_priority_0                equ object_rsvd+19 ; internal value that hold priority in video buffer 0
     ????             (./engine/constant):00196         rsv_priority_prev_obj_0       equ object_rsvd+20 ; and +21 ; previous object (OST address) in display priority list for video buffer 0 (0000 if none) w
     ????             (./engine/constant):00197         rsv_priority_next_obj_0       equ object_rsvd+22 ; and +23 ; next object (OST address) in display priority list for video buffer 0 (0000 if none) w
     ????             (./engine/constant):00198         rsv_prev_mapping_frame_0      equ object_rsvd+24 ; and object_rsvd+25 ; reference to previous image in video buffer 0 w
     ????             (./engine/constant):00199         rsv_prev_erase_nb_cell_0      equ object_rsvd+26 : b
     ????             (./engine/constant):00200         rsv_prev_page_erase_routine_0 equ object_rsvd+27 ; b
     ????             (./engine/constant):00201         rsv_prev_erase_routine_0      equ object_rsvd+28 ; and object_rsvd+29 ; w
     ????             (./engine/constant):00202         rsv_bgdata_0                  equ object_rsvd+30 ; and +31 ; address of background data in screen 0 w
     ????             (./engine/constant):00203         rsv_prev_xy_pixel_0           equ object_rsvd+32 ;
     ????             (./engine/constant):00204         rsv_prev_x_pixel_0            equ object_rsvd+32 ; previous x screen coordinate b
     ????             (./engine/constant):00205         rsv_prev_y_pixel_0            equ object_rsvd+33 ; previous y screen coordinate b, must follow x_pixel
     ????             (./engine/constant):00206         rsv_prev_xy1_pixel_0          equ object_rsvd+34 ;
     ????             (./engine/constant):00207         rsv_prev_x1_pixel_0           equ object_rsvd+34 ; previous x+x_offset-(x_size/2) screen coordinate b
     ????             (./engine/constant):00208         rsv_prev_y1_pixel_0           equ object_rsvd+35 ; previous y+y_offset-(y_size/2) screen coordinate b, must follow x1_pixel
     ????             (./engine/constant):00209         rsv_prev_xy2_pixel_0          equ object_rsvd+36 ;
     ????             (./engine/constant):00210         rsv_prev_x2_pixel_0           equ object_rsvd+36 ; previous x+x_offset+(x_size/2) screen coordinate b
     ????             (./engine/constant):00211         rsv_prev_y2_pixel_0           equ object_rsvd+37 ; previous y+y_offset+(y_size/2) screen coordinate b, must follow x2_pixel
     ????             (./engine/constant):00212         rsv_prev_render_flags_0       equ object_rsvd+38 ;
                      (./engine/constant):00213         * --- rsv_prev_render_flags_0 bitfield variables ---
     0001             (./engine/constant):00214         rsv_prev_render_overlay_mask  equ $01 ; (bit 0) if a sprite has been rendered with compilated sprite and no background save on screen buffer 0/1
     0080             (./engine/constant):00215         rsv_prev_render_onscreen_mask equ $80 ; (bit 7) DEPENDENCY should be bit 7 - has been rendered on screen buffer 0/1
                      (./engine/constant):00216         
     ????             (./engine/constant):00217         rsv_buffer_1                  equ object_rsvd+39 ; Start index of buffer 1 variables
     ????             (./engine/constant):00218         rsv_priority_1                equ object_rsvd+39 ; internal value that hold priority in video buffer 1
     ????             (./engine/constant):00219         rsv_priority_prev_obj_1       equ object_rsvd+40 ; and +41 ; previous object (OST address) in display priority list for video buffer 1 (0000 if none) w
     ????             (./engine/constant):00220         rsv_priority_next_obj_1       equ object_rsvd+42 ; and +43 ; next object (OST address) in display priority list for video buffer 1 (0000 if none) w
     ????             (./engine/constant):00221         rsv_prev_mapping_frame_1      equ object_rsvd+44 ; and +45 ; reference to previous image in video buffer 1 w
     ????             (./engine/constant):00222         rsv_prev_erase_nb_cell_1      equ object_rsvd+46 ; b
     ????             (./engine/constant):00223         rsv_prev_page_erase_routine_1 equ object_rsvd+47 ; b
     ????             (./engine/constant):00224         rsv_prev_erase_routine_1      equ object_rsvd+48 ; and +49 ; w
     ????             (./engine/constant):00225         rsv_bgdata_1                  equ object_rsvd+50 ; and +51 ; address of background data in screen 1 w
     ????             (./engine/constant):00226         rsv_prev_xy_pixel_1           equ object_rsvd+52 ;
     ????             (./engine/constant):00227         rsv_prev_x_pixel_1            equ object_rsvd+52 ; previous x screen coordinate b
     ????             (./engine/constant):00228         rsv_prev_y_pixel_1            equ object_rsvd+53 ; previous y screen coordinate b, must follow x_pixel
     ????             (./engine/constant):00229         rsv_prev_xy1_pixel_1          equ object_rsvd+54 ;
     ????             (./engine/constant):00230         rsv_prev_x1_pixel_1           equ object_rsvd+54 ; previous x+x_size screen coordinate b
     ????             (./engine/constant):00231         rsv_prev_y1_pixel_1           equ object_rsvd+55 ; previous y+y_size screen coordinate b, must follow x_pixel
     ????             (./engine/constant):00232         rsv_prev_xy2_pixel_1          equ object_rsvd+56 ;
     ????             (./engine/constant):00233         rsv_prev_x2_pixel_1           equ object_rsvd+56 ; previous x+x_size screen coordinate b
     ????             (./engine/constant):00234         rsv_prev_y2_pixel_1           equ object_rsvd+57 ; previous y+y_size screen coordinate b, must follow x_pixel
     ????             (./engine/constant):00235         rsv_prev_render_flags_1       equ object_rsvd+58 ;
                      (./engine/constant):00236         
     0000             (./engine/constant):00237         buf_priority                  equ 0  ; offset for each rsv_buffer variables
     0001             (./engine/constant):00238         buf_priority_prev_obj         equ 1  ;
     0003             (./engine/constant):00239         buf_priority_next_obj         equ 3  ;
     0005             (./engine/constant):00240         buf_prev_mapping_frame        equ 5  ;
     0007             (./engine/constant):00241         buf_erase_nb_cell             equ 7  ;
     0008             (./engine/constant):00242         buf_page_erase_routine        equ 8 ;
     0009             (./engine/constant):00243         buf_erase_routine             equ 9 ;
     000B             (./engine/constant):00244         buf_bgdata                    equ 11 ;
     000D             (./engine/constant):00245         buf_prev_xy_pixel             equ 13 ;
     000D             (./engine/constant):00246         buf_prev_x_pixel              equ 13 ;
     000E             (./engine/constant):00247         buf_prev_y_pixel              equ 14 ;
     000F             (./engine/constant):00248         buf_prev_xy1_pixel            equ 15 ;
     000F             (./engine/constant):00249         buf_prev_x1_pixel             equ 15 ;
     0010             (./engine/constant):00250         buf_prev_y1_pixel             equ 16 ;
     0011             (./engine/constant):00251         buf_prev_xy2_pixel            equ 17 ;
     0011             (./engine/constant):00252         buf_prev_x2_pixel             equ 17 ;
     0012             (./engine/constant):00253         buf_prev_y2_pixel             equ 18 ;
     0013             (./engine/constant):00254         buf_prev_render_flags         equ 19 ;
                      (./engine/constant):00255         
                      (./engine/constant):00256          endc
                      (./generated-code/):00002                 ORG $A000
     FF               (./generated-code/):00003                 SETDP $FF
                      (./generated-code/):00004                 OPT C,CT
A000                  (./generated-code/):00005                 BCKDRAW_Img_link09_0
A000 10FF9FFE         (./generated-code/):00006 [7]     7               STS glb_register_s
                      (./generated-code/):00007                 
A004 32A4             (./generated-code/):00008 [4]     11              LEAS ,Y
A006 33C9FEE7         (./generated-code/):00009 [8]     19              LEAU -281,U
                      (./generated-code/):00010                 
A00A A6C889           (./generated-code/):00011 [5]     24              LDA -119,U
A00D E6C8DA           (./generated-code/):00012 [5]     29              LDB -38,U
A010 3406             (./generated-code/):00013 [7]     36              PSHS B,A
A012 C40F             (./generated-code/):00014 [2]     38              ANDB #$0F
A014 CAE0             (./generated-code/):00015 [2]     40              ORB #$e0
A016 E7C8DA           (./generated-code/):00016 [5]     45              STB -38,U
A019 86EE             (./generated-code/):00017 [2]     47              LDA #$ee
A01B A7C889           (./generated-code/):00018 [5]     52              STA -119,U
A01E ECC8D8           (./generated-code/):00019 [6]     58              LDD -40,U
A021 3406             (./generated-code/):00020 [7]     65              PSHS D
A023 84F0             (./generated-code/):00021 [2]     67              ANDA #$F0
A025 8A0E             (./generated-code/):00022 [2]     69              ORA #$0e
A027 C6DD             (./generated-code/):00023 [2]     71              LDB #$dd
A029 EDC8D8           (./generated-code/):00024 [6]     77              STD -40,U
A02C A6C8B1           (./generated-code/):00025 [5]     82              LDA -79,U
A02F E7C8B1           (./generated-code/):00026 [5]     87              STB -79,U
A032 3714             (./generated-code/):00027 [8]     95              PULU B,X
A034 3456             (./generated-code/):00028 [11]    106             PSHS U,X,B,A
A036 86EA             (./generated-code/):00029 [2]     108             LDA #$ea
A038 8EDDEE           (./generated-code/):00030 [3]     111             LDX #$ddee
A03B 3612             (./generated-code/):00031 [8]     119             PSHU A,X
A03D 33C828           (./generated-code/):00032 [5]     124             LEAU 40,U
                      (./generated-code/):00033                 
A040 3712             (./generated-code/):00034 [8]     132             PULU A,X
A042 3452             (./generated-code/):00035 [10]    142             PSHS U,X,A
A044 86EA             (./generated-code/):00036 [2]     144             LDA #$ea
A046 8EDDDE           (./generated-code/):00037 [3]     147             LDX #$ddde
A049 3612             (./generated-code/):00038 [8]     155             PSHU A,X
A04B 33C828           (./generated-code/):00039 [5]     160             LEAU 40,U
                      (./generated-code/):00040                 
A04E 3712             (./generated-code/):00041 [8]     168             PULU A,X
A050 3452             (./generated-code/):00042 [10]    178             PSHS U,X,A
A052 86EB             (./generated-code/):00043 [2]     180             LDA #$eb
A054 8EEDAE           (./generated-code/):00044 [3]     183             LDX #$edae
A057 3612             (./generated-code/):00045 [8]     191             PSHU A,X
A059 33C828           (./generated-code/):00046 [5]     196             LEAU 40,U
                      (./generated-code/):00047                 
A05C 3712             (./generated-code/):00048 [8]     204             PULU A,X
A05E 3452             (./generated-code/):00049 [10]    214             PSHS U,X,A
A060 86EB             (./generated-code/):00050 [2]     216             LDA #$eb
A062 8EDDEE           (./generated-code/):00051 [3]     219             LDX #$ddee
A065 3612             (./generated-code/):00052 [8]     227             PSHU A,X
A067 33C828           (./generated-code/):00053 [5]     232             LEAU 40,U
                      (./generated-code/):00054                 
A06A A6C82A           (./generated-code/):00055 [5]     237             LDA 42,U
A06D AEC851           (./generated-code/):00056 [6]     243             LDX 81,U
A070 10AEC879         (./generated-code/):00057 [7]     250             LDY 121,U
A074 3432             (./generated-code/):00058 [10]    260             PSHS Y,X,A
A076 ECC828           (./generated-code/):00059 [6]     266             LDD 40,U
A079 3406             (./generated-code/):00060 [7]     273             PSHS D
A07B 84F0             (./generated-code/):00061 [2]     275             ANDA #$F0
A07D 8A0E             (./generated-code/):00062 [2]     277             ORA #$0e
A07F C6EE             (./generated-code/):00063 [2]     279             LDB #$ee
A081 EDC828           (./generated-code/):00064 [6]     285             STD 40,U
A084 86EF             (./generated-code/):00065 [2]     287             LDA #$ef
A086 A7C82A           (./generated-code/):00066 [5]     292             STA 42,U
A089 86FE             (./generated-code/):00067 [2]     294             LDA #$fe
A08B EDC879           (./generated-code/):00068 [6]     300             STD 121,U
A08E CCEEFE           (./generated-code/):00069 [3]     303             LDD #$eefe
A091 EDC851           (./generated-code/):00070 [6]     309             STD 81,U
A094 3712             (./generated-code/):00071 [8]     317             PULU A,X
A096 3452             (./generated-code/):00072 [10]    327             PSHS U,X,A
A098 86EB             (./generated-code/):00073 [2]     329             LDA #$eb
A09A 8EEDEB           (./generated-code/):00074 [3]     332             LDX #$edeb
A09D 3612             (./generated-code/):00075 [8]     340             PSHU A,X
A09F 33C900C8         (./generated-code/):00076 [8]     348             LEAU 200,U
                      (./generated-code/):00077                 
A0A3 ECC8D8           (./generated-code/):00078 [6]     354             LDD -40,U
A0A6 3406             (./generated-code/):00079 [7]     361             PSHS D
A0A8 84F0             (./generated-code/):00080 [2]     363             ANDA #$F0
A0AA 8A0E             (./generated-code/):00081 [2]     365             ORA #$0e
A0AC C6FF             (./generated-code/):00082 [2]     367             LDB #$ff
A0AE EDC8D8           (./generated-code/):00083 [6]     373             STD -40,U
A0B1 A6C8DA           (./generated-code/):00084 [5]     378             LDA -38,U
A0B4 3402             (./generated-code/):00085 [6]     384             PSHS A
A0B6 86EB             (./generated-code/):00086 [2]     386             LDA #$eb
A0B8 A7C8DA           (./generated-code/):00087 [5]     391             STA -38,U
A0BB 3712             (./generated-code/):00088 [8]     399             PULU A,X
A0BD 3452             (./generated-code/):00089 [10]    409             PSHS U,X,A
A0BF 86EB             (./generated-code/):00090 [2]     411             LDA #$eb
A0C1 8EEEEB           (./generated-code/):00091 [3]     414             LDX #$eeeb
A0C4 3612             (./generated-code/):00092 [8]     422             PSHU A,X
A0C6 33C828           (./generated-code/):00093 [5]     427             LEAU 40,U
                      (./generated-code/):00094                 
A0C9 3712             (./generated-code/):00095 [8]     435             PULU A,X
A0CB 3452             (./generated-code/):00096 [10]    445             PSHS U,X,A
A0CD 86EB             (./generated-code/):00097 [2]     447             LDA #$eb
A0CF 8EDDEB           (./generated-code/):00098 [3]     450             LDX #$ddeb
A0D2 3612             (./generated-code/):00099 [8]     458             PSHU A,X
A0D4 33C828           (./generated-code/):00100 [5]     463             LEAU 40,U
                      (./generated-code/):00101                 
A0D7 3712             (./generated-code/):00102 [8]     471             PULU A,X
A0D9 3452             (./generated-code/):00103 [10]    481             PSHS U,X,A
A0DB 86EE             (./generated-code/):00104 [2]     483             LDA #$ee
A0DD 8EDDDE           (./generated-code/):00105 [3]     486             LDX #$ddde
A0E0 3612             (./generated-code/):00106 [8]     494             PSHU A,X
A0E2 33C828           (./generated-code/):00107 [5]     499             LEAU 40,U
                      (./generated-code/):00108                 
A0E5 A6C82A           (./generated-code/):00109 [5]     504             LDA 42,U
A0E8 AEC851           (./generated-code/):00110 [6]     510             LDX 81,U
A0EB 10AEC879         (./generated-code/):00111 [7]     517             LDY 121,U
A0EF 3432             (./generated-code/):00112 [10]    527             PSHS Y,X,A
A0F1 ECC828           (./generated-code/):00113 [6]     533             LDD 40,U
A0F4 3406             (./generated-code/):00114 [7]     540             PSHS D
A0F6 84F0             (./generated-code/):00115 [2]     542             ANDA #$F0
A0F8 8A0E             (./generated-code/):00116 [2]     544             ORA #$0e
A0FA C6DD             (./generated-code/):00117 [2]     546             LDB #$dd
A0FC EDC828           (./generated-code/):00118 [6]     552             STD 40,U
A0FF 86DE             (./generated-code/):00119 [2]     554             LDA #$de
A101 A7C82A           (./generated-code/):00120 [5]     559             STA 42,U
A104 CCCCEE           (./generated-code/):00121 [3]     562             LDD #$ccee
A107 EDC851           (./generated-code/):00122 [6]     568             STD 81,U
A10A CCDDBE           (./generated-code/):00123 [3]     571             LDD #$ddbe
A10D EDC879           (./generated-code/):00124 [6]     577             STD 121,U
A110 3712             (./generated-code/):00125 [8]     585             PULU A,X
A112 3452             (./generated-code/):00126 [10]    595             PSHS U,X,A
A114 86EA             (./generated-code/):00127 [2]     597             LDA #$ea
A116 8EDDCE           (./generated-code/):00128 [3]     600             LDX #$ddce
A119 3612             (./generated-code/):00129 [8]     608             PSHU A,X
A11B 33C900C9         (./generated-code/):00130 [8]     616             LEAU 201,U
                      (./generated-code/):00131                 
A11F ECC4             (./generated-code/):00132 [5]     621             LDD ,U
A121 3406             (./generated-code/):00133 [7]     628             PSHS D
A123 86EE             (./generated-code/):00134 [2]     630             LDA #$ee
A125 C40F             (./generated-code/):00135 [2]     632             ANDB #$0F
A127 CAE0             (./generated-code/):00136 [2]     634             ORB #$e0
A129 EDC4             (./generated-code/):00137 [5]     639             STD ,U
A12B A6C828           (./generated-code/):00138 [5]     644             LDA 40,U
A12E AEC8D8           (./generated-code/):00139 [6]     650             LDX -40,U
A131 3452             (./generated-code/):00140 [10]    660             PSHS U,X,A
A133 CCEEEE           (./generated-code/):00141 [3]     663             LDD #$eeee
A136 EDC8D8           (./generated-code/):00142 [6]     669             STD -40,U
A139 A7C828           (./generated-code/):00143 [5]     674             STA 40,U
                      (./generated-code/):00144                 
A13C DEFC             (./generated-code/):00145 [5]     679             LDU <glb_screen_location_1
A13E 33C9FEE9         (./generated-code/):00146 [8]     687             LEAU -279,U
                      (./generated-code/):00147                 
A142 ECC8AE           (./generated-code/):00148 [6]     693             LDD -82,U
A145 3406             (./generated-code/):00149 [7]     700             PSHS D
A147 84F0             (./generated-code/):00150 [2]     702             ANDA #$F0
A149 8A0E             (./generated-code/):00151 [2]     704             ORA #$0e
A14B C6DE             (./generated-code/):00152 [2]     706             LDB #$de
A14D EDC8AE           (./generated-code/):00153 [6]     712             STD -82,U
A150 A6C887           (./generated-code/):00154 [5]     717             LDA -121,U
A153 3402             (./generated-code/):00155 [6]     723             PSHS A
A155 840F             (./generated-code/):00156 [2]     725             ANDA #$0F
A157 8AE0             (./generated-code/):00157 [2]     727             ORA #$e0
A159 A7C887           (./generated-code/):00158 [5]     732             STA -121,U
A15C A6C4             (./generated-code/):00159 [4]     736             LDA ,U
A15E 3402             (./generated-code/):00160 [6]     742             PSHS A
A160 840F             (./generated-code/):00161 [2]     744             ANDA #$0F
A162 8AE0             (./generated-code/):00162 [2]     746             ORA #$e0
A164 A7C4             (./generated-code/):00163 [4]     750             STA ,U
A166 A6C828           (./generated-code/):00164 [5]     755             LDA 40,U
A169 3402             (./generated-code/):00165 [6]     761             PSHS A
A16B 840F             (./generated-code/):00166 [2]     763             ANDA #$0F
A16D 8AE0             (./generated-code/):00167 [2]     765             ORA #$e0
A16F A7C828           (./generated-code/):00168 [5]     770             STA 40,U
A172 A6C850           (./generated-code/):00169 [5]     775             LDA 80,U
A175 3402             (./generated-code/):00170 [6]     781             PSHS A
A177 840F             (./generated-code/):00171 [2]     783             ANDA #$0F
A179 8AE0             (./generated-code/):00172 [2]     785             ORA #$e0
A17B A7C850           (./generated-code/):00173 [5]     790             STA 80,U
A17E A6C878           (./generated-code/):00174 [5]     795             LDA 120,U
A181 3402             (./generated-code/):00175 [6]     801             PSHS A
A183 840F             (./generated-code/):00176 [2]     803             ANDA #$0F
A185 8AE0             (./generated-code/):00177 [2]     805             ORA #$e0
A187 A7C878           (./generated-code/):00178 [5]     810             STA 120,U
A18A AEC84E           (./generated-code/):00179 [6]     816             LDX 78,U
A18D 10AEC8D6         (./generated-code/):00180 [7]     823             LDY -42,U
A191 3430             (./generated-code/):00181 [9]     832             PSHS Y,X
A193 ECC826           (./generated-code/):00182 [6]     838             LDD 38,U
A196 AE5E             (./generated-code/):00183 [6]     844             LDX -2,U
A198 10AEC876         (./generated-code/):00184 [7]     851             LDY 118,U
A19C 3476             (./generated-code/):00185 [13]    864             PSHS U,Y,X,D
A19E CCEAD9           (./generated-code/):00186 [3]     867             LDD #$ead9
A1A1 EDC876           (./generated-code/):00187 [6]     873             STD 118,U
A1A4 CCEDED           (./generated-code/):00188 [3]     876             LDD #$eded
A1A7 EDC826           (./generated-code/):00189 [6]     882             STD 38,U
A1AA C6DD             (./generated-code/):00190 [2]     884             LDB #$dd
A1AC EDC8D6           (./generated-code/):00191 [6]     890             STD -42,U
A1AF ED5E             (./generated-code/):00192 [6]     896             STD -2,U
A1B1 86AE             (./generated-code/):00193 [2]     898             LDA #$ae
A1B3 EDC84E           (./generated-code/):00194 [6]     904             STD 78,U
A1B6 33C90116         (./generated-code/):00195 [8]     912             LEAU 278,U
                      (./generated-code/):00196                 
A1BA AEC4             (./generated-code/):00197 [5]     917             LDX ,U
A1BC 10AEC888         (./generated-code/):00198 [7]     924             LDY -120,U
A1C0 3430             (./generated-code/):00199 [9]     933             PSHS Y,X
A1C2 ECC850           (./generated-code/):00200 [6]     939             LDD 80,U
A1C5 AEC8D8           (./generated-code/):00201 [6]     945             LDX -40,U
A1C8 10AEC878         (./generated-code/):00202 [7]     952             LDY 120,U
A1CC 3436             (./generated-code/):00203 [11]    963             PSHS Y,X,D
A1CE ECC828           (./generated-code/):00204 [6]     969             LDD 40,U
A1D1 AEC8B0           (./generated-code/):00205 [6]     975             LDX -80,U
A1D4 3416             (./generated-code/):00206 [9]     984             PSHS X,D
A1D6 CCFFDD           (./generated-code/):00207 [3]     987             LDD #$ffdd
A1D9 EDC8D8           (./generated-code/):00208 [6]     993             STD -40,U
A1DC 86EE             (./generated-code/):00209 [2]     995             LDA #$ee
A1DE EDC888           (./generated-code/):00210 [6]     1001            STD -120,U
A1E1 EDC828           (./generated-code/):00211 [6]     1007            STD 40,U
A1E4 86FE             (./generated-code/):00212 [2]     1009            LDA #$fe
A1E6 EDC8B0           (./generated-code/):00213 [6]     1015            STD -80,U
A1E9 86EF             (./generated-code/):00214 [2]     1017            LDA #$ef
A1EB EDC4             (./generated-code/):00215 [5]     1022            STD ,U
A1ED 86ED             (./generated-code/):00216 [2]     1024            LDA #$ed
A1EF EDC878           (./generated-code/):00217 [6]     1030            STD 120,U
A1F2 C6EE             (./generated-code/):00218 [2]     1032            LDB #$ee
A1F4 EDC850           (./generated-code/):00219 [6]     1038            STD 80,U
A1F7 A6C88A           (./generated-code/):00220 [5]     1043            LDA -118,U
A1FA 3402             (./generated-code/):00221 [6]     1049            PSHS A
A1FC 840F             (./generated-code/):00222 [2]     1051            ANDA #$0F
A1FE 8AE0             (./generated-code/):00223 [2]     1053            ORA #$e0
A200 A7C88A           (./generated-code/):00224 [5]     1058            STA -118,U
A203 A6C82A           (./generated-code/):00225 [5]     1063            LDA 42,U
A206 3402             (./generated-code/):00226 [6]     1069            PSHS A
A208 840F             (./generated-code/):00227 [2]     1071            ANDA #$0F
A20A 8AE0             (./generated-code/):00228 [2]     1073            ORA #$e0
A20C A7C82A           (./generated-code/):00229 [5]     1078            STA 42,U
A20F A6C852           (./generated-code/):00230 [5]     1083            LDA 82,U
A212 3442             (./generated-code/):00231 [8]     1091            PSHS U,A
A214 840F             (./generated-code/):00232 [2]     1093            ANDA #$0F
A216 8AE0             (./generated-code/):00233 [2]     1095            ORA #$e0
A218 A7C852           (./generated-code/):00234 [5]     1100            STA 82,U
A21B 33C90118         (./generated-code/):00235 [8]     1108            LEAU 280,U
                      (./generated-code/):00236                 
A21F AEC850           (./generated-code/):00237 [6]     1114            LDX 80,U
A222 10AEC8D8         (./generated-code/):00238 [7]     1121            LDY -40,U
A226 3430             (./generated-code/):00239 [9]     1130            PSHS Y,X
A228 ECC888           (./generated-code/):00240 [6]     1136            LDD -120,U
A22B AEC828           (./generated-code/):00241 [6]     1142            LDX 40,U
A22E 10AEC878         (./generated-code/):00242 [7]     1149            LDY 120,U
A232 3436             (./generated-code/):00243 [11]    1160            PSHS Y,X,D
A234 ECC8B0           (./generated-code/):00244 [6]     1166            LDD -80,U
A237 AEC4             (./generated-code/):00245 [5]     1171            LDX ,U
A239 3456             (./generated-code/):00246 [11]    1182            PSHS U,X,D
A23B CCEEEE           (./generated-code/):00247 [3]     1185            LDD #$eeee
A23E EDC828           (./generated-code/):00248 [6]     1191            STD 40,U
A241 EDC850           (./generated-code/):00249 [6]     1197            STD 80,U
A244 EDC878           (./generated-code/):00250 [6]     1203            STD 120,U
A247 CCDDDD           (./generated-code/):00251 [3]     1206            LDD #$dddd
A24A EDC888           (./generated-code/):00252 [6]     1212            STD -120,U
A24D 86CD             (./generated-code/):00253 [2]     1214            LDA #$cd
A24F EDC8B0           (./generated-code/):00254 [6]     1220            STD -80,U
A252 CCDCDE           (./generated-code/):00255 [3]     1223            LDD #$dcde
A255 EDC8D8           (./generated-code/):00256 [6]     1229            STD -40,U
A258 CCEDED           (./generated-code/):00257 [3]     1232            LDD #$eded
A25B EDC4             (./generated-code/):00258 [5]     1237            STD ,U
A25D 33C900A1         (./generated-code/):00259 [8]     1245            LEAU 161,U
                      (./generated-code/):00260                 
A261 A6C4             (./generated-code/):00261 [4]     1249            LDA ,U
A263 3442             (./generated-code/):00262 [8]     1257            PSHS U,A
A265 86EE             (./generated-code/):00263 [2]     1259            LDA #$ee
A267 A7C4             (./generated-code/):00264 [4]     1263            STA ,U
A269 33E4             (./generated-code/):00265 [4]     1267            LEAU ,S
A26B                  (./generated-code/):00266                 SSAV_Img_link09_0
A26B 10FE9FFE         (./generated-code/):00267 [7]     1274            LDS glb_register_s
A26F 39               (./generated-code/):00268 [5]     1279            RTS
                      (./generated-code/):00269                 
